Archive member included because of file (symbol)

c:/program files (x86)/atmel/atmel studio 6.0/extensions/atmel/avrgcc/3.4.0.65/avrtoolchain/bin/../lib/gcc/avr32/4.4.3/ucr3\libgcc.a(_udivdi3.o)
                              src/asf/avr32/drivers/scif/scif_uc3l.o (__avr32_udiv64)
c:/program files (x86)/atmel/atmel studio 6.0/extensions/atmel/avrgcc/3.4.0.65/avrtoolchain/bin/../lib/gcc/avr32/4.4.3/../../../../avr32/lib/ucr3\libc.a(lib_a-atexit.o)
                              c:/program files (x86)/atmel/atmel studio 6.0/extensions/atmel/avrgcc/3.4.0.65/avrtoolchain/bin/../lib/gcc/avr32/4.4.3/../../../../avr32/lib/ucr3/crt0.o (atexit)
c:/program files (x86)/atmel/atmel studio 6.0/extensions/atmel/avrgcc/3.4.0.65/avrtoolchain/bin/../lib/gcc/avr32/4.4.3/../../../../avr32/lib/ucr3\libc.a(lib_a-exit.o)
                              c:/program files (x86)/atmel/atmel studio 6.0/extensions/atmel/avrgcc/3.4.0.65/avrtoolchain/bin/../lib/gcc/avr32/4.4.3/../../../../avr32/lib/ucr3/crt0.o (exit)
c:/program files (x86)/atmel/atmel studio 6.0/extensions/atmel/avrgcc/3.4.0.65/avrtoolchain/bin/../lib/gcc/avr32/4.4.3/../../../../avr32/lib/ucr3\libc.a(lib_a-impure.o)
                              c:/program files (x86)/atmel/atmel studio 6.0/extensions/atmel/avrgcc/3.4.0.65/avrtoolchain/bin/../lib/gcc/avr32/4.4.3/../../../../avr32/lib/ucr3\libc.a(lib_a-exit.o) (_global_impure_ptr)
c:/program files (x86)/atmel/atmel studio 6.0/extensions/atmel/avrgcc/3.4.0.65/avrtoolchain/bin/../lib/gcc/avr32/4.4.3/../../../../avr32/lib/ucr3\libc.a(lib_a-syscalls.o)
                              c:/program files (x86)/atmel/atmel studio 6.0/extensions/atmel/avrgcc/3.4.0.65/avrtoolchain/bin/../lib/gcc/avr32/4.4.3/../../../../avr32/lib/ucr3/crt0.o (_init_startup)
c:/program files (x86)/atmel/atmel studio 6.0/extensions/atmel/avrgcc/3.4.0.65/avrtoolchain/bin/../lib/gcc/avr32/4.4.3/../../../../avr32/lib/ucr3\libc.a(lib_a-__atexit.o)
                              c:/program files (x86)/atmel/atmel studio 6.0/extensions/atmel/avrgcc/3.4.0.65/avrtoolchain/bin/../lib/gcc/avr32/4.4.3/../../../../avr32/lib/ucr3\libc.a(lib_a-atexit.o) (__register_exitproc)
c:/program files (x86)/atmel/atmel studio 6.0/extensions/atmel/avrgcc/3.4.0.65/avrtoolchain/bin/../lib/gcc/avr32/4.4.3/../../../../avr32/lib/ucr3\libc.a(lib_a-__call_atexit.o)
                              c:/program files (x86)/atmel/atmel studio 6.0/extensions/atmel/avrgcc/3.4.0.65/avrtoolchain/bin/../lib/gcc/avr32/4.4.3/../../../../avr32/lib/ucr3\libc.a(lib_a-exit.o) (__call_exitprocs)
c:/program files (x86)/atmel/atmel studio 6.0/extensions/atmel/avrgcc/3.4.0.65/avrtoolchain/bin/../lib/gcc/avr32/4.4.3/../../../../avr32/lib/ucr3\libc.a(lib_a-errno.o)
                              c:/program files (x86)/atmel/atmel studio 6.0/extensions/atmel/avrgcc/3.4.0.65/avrtoolchain/bin/../lib/gcc/avr32/4.4.3/../../../../avr32/lib/ucr3\libc.a(lib_a-syscalls.o) (__errno)
c:/program files (x86)/atmel/atmel studio 6.0/extensions/atmel/avrgcc/3.4.0.65/avrtoolchain/bin/../lib/gcc/avr32/4.4.3/../../../../avr32/lib/ucr3\libc.a(lib_a-findfp.o)
                              c:/program files (x86)/atmel/atmel studio 6.0/extensions/atmel/avrgcc/3.4.0.65/avrtoolchain/bin/../lib/gcc/avr32/4.4.3/../../../../avr32/lib/ucr3\libc.a(lib_a-impure.o) (__sf_fake_stdin)
c:/program files (x86)/atmel/atmel studio 6.0/extensions/atmel/avrgcc/3.4.0.65/avrtoolchain/bin/../lib/gcc/avr32/4.4.3/../../../../avr32/lib/ucr3\libc.a(lib_a-fwalk.o)
                              c:/program files (x86)/atmel/atmel studio 6.0/extensions/atmel/avrgcc/3.4.0.65/avrtoolchain/bin/../lib/gcc/avr32/4.4.3/../../../../avr32/lib/ucr3\libc.a(lib_a-findfp.o) (_fwalk)
c:/program files (x86)/atmel/atmel studio 6.0/extensions/atmel/avrgcc/3.4.0.65/avrtoolchain/bin/../lib/gcc/avr32/4.4.3/../../../../avr32/lib/ucr3\libc.a(lib_a-malloc.o)
                              c:/program files (x86)/atmel/atmel studio 6.0/extensions/atmel/avrgcc/3.4.0.65/avrtoolchain/bin/../lib/gcc/avr32/4.4.3/../../../../avr32/lib/ucr3\libc.a(lib_a-__call_atexit.o) (free)
c:/program files (x86)/atmel/atmel studio 6.0/extensions/atmel/avrgcc/3.4.0.65/avrtoolchain/bin/../lib/gcc/avr32/4.4.3/../../../../avr32/lib/ucr3\libc.a(lib_a-mallocr.o)
                              c:/program files (x86)/atmel/atmel studio 6.0/extensions/atmel/avrgcc/3.4.0.65/avrtoolchain/bin/../lib/gcc/avr32/4.4.3/../../../../avr32/lib/ucr3\libc.a(lib_a-findfp.o) (_malloc_r)
c:/program files (x86)/atmel/atmel studio 6.0/extensions/atmel/avrgcc/3.4.0.65/avrtoolchain/bin/../lib/gcc/avr32/4.4.3/../../../../avr32/lib/ucr3\libc.a(lib_a-memset.o)
                              c:/program files (x86)/atmel/atmel studio 6.0/extensions/atmel/avrgcc/3.4.0.65/avrtoolchain/bin/../lib/gcc/avr32/4.4.3/../../../../avr32/lib/ucr3\libc.a(lib_a-findfp.o) (memset)
c:/program files (x86)/atmel/atmel studio 6.0/extensions/atmel/avrgcc/3.4.0.65/avrtoolchain/bin/../lib/gcc/avr32/4.4.3/../../../../avr32/lib/ucr3\libc.a(lib_a-mlock.o)
[...]
Memory Configuration

Name             Origin             Length             Attributes
FLASH            0x80000000         0x00010000         axrl !w
CPUSRAM          0x00000004         0x00003ffc         axw !rl
USERPAGE         0x80800000         0x00000200
FACTORYPAGE      0x80800200         0x00000200
FLASHVAULT_FLASH_SIZE 0x80800400         0x00000008         r
FLASHVAULT_RAM_SIZE 0x80800408         0x00000008         r
*default*        0x00000000         0xffffffff

Linker script and memory map

                0x00001000                _stack_size = 0x1000
LOAD c:/program files (x86)/atmel/atmel studio 6.0/extensions/atmel/avrgcc/3.4.0.65/avrtoolchain/bin/../lib/gcc/avr32/4.4.3/../../../../avr32/lib/ucr3/crt0.o
LOAD c:/program files (x86)/atmel/atmel studio 6.0/extensions/atmel/avrgcc/3.4.0.65/avrtoolchain/bin/../lib/gcc/avr32/4.4.3/ucr3/crti.o
LOAD c:/program files (x86)/atmel/atmel studio 6.0/extensions/atmel/avrgcc/3.4.0.65/avrtoolchain/bin/../lib/gcc/avr32/4.4.3/ucr3/crtbegin.o
LOAD src/app/init_gpio/init_gpio.o
LOAD src/app/init_mcu/init_mcu.o
LOAD src/app/init_usart/init_usart.o
LOAD src/asf/avr32/drivers/flashcdw/flashcdw.o
LOAD src/asf/avr32/drivers/gpio/gpio.o
LOAD src/asf/avr32/drivers/intc/exception.o
LOAD src/asf/avr32/drivers/intc/intc.o
LOAD src/asf/avr32/drivers/pm/pm_uc3l.o
LOAD src/asf/avr32/drivers/pm/power_clocks_lib.o
LOAD src/asf/avr32/drivers/scif/scif_uc3l.o
LOAD src/asf/avr32/drivers/usart/usart.o
LOAD src/asf/avr32/utils/startup/trampoline_uc3.o
LOAD src/lib/statusc/statusc.o
LOAD src/lib/str/str.o
LOAD src/lib/str/test/test_str.o
LOAD src/lib/utest/test/test_utest.o
LOAD src/lib/utest/utest.o
LOAD src/main.o
START GROUP
LOAD c:/program files (x86)/atmel/atmel studio 6.0/extensions/atmel/avrgcc/3.4.0.65/avrtoolchain/bin/../lib/gcc/avr32/4.4.3/../../../../avr32/lib/ucr3\libm.a
END GROUP
LOAD c:/program files (x86)/atmel/atmel studio 6.0/extensions/atmel/avrgcc/3.4.0.65/avrtoolchain/bin/../lib/gcc/avr32/4.4.3/ucr3\libgcc.a
LOAD c:/program files (x86)/atmel/atmel studio 6.0/extensions/atmel/avrgcc/3.4.0.65/avrtoolchain/bin/../lib/gcc/avr32/4.4.3/../../../../avr32/lib/ucr3\libc.a
LOAD c:/program files (x86)/atmel/atmel studio 6.0/extensions/atmel/avrgcc/3.4.0.65/avrtoolchain/bin/../lib/gcc/avr32/4.4.3/ucr3\libgcc.a
LOAD c:/program files (x86)/atmel/atmel studio 6.0/extensions/atmel/avrgcc/3.4.0.65/avrtoolchain/bin/../lib/gcc/avr32/4.4.3/ucr3/crtend.o
LOAD c:/program files (x86)/atmel/atmel studio 6.0/extensions/atmel/avrgcc/3.4.0.65/avrtoolchain/bin/../lib/gcc/avr32/4.4.3/ucr3/crtn.o
                0x80000000                PROVIDE (__executable_start, 0x80000000)
                0x80000000                . = 0x80000000

.interp
 *(.interp)

.reset          0x80000000        0x8
 *(.reset)
 .reset         0x80000000        0x8 c:/program files (x86)/atmel/atmel studio 6.0/extensions/atmel/avrgcc/3.4.0.65/avrtoolchain/bin/../lib/gcc/avr32/4.4.3/../../../../avr32/lib/ucr3/crt0.o
                0x80000000                _start

.hash
 *(.hash)

.dynsym
 *(.dynsym)

.dynstr
 *(.dynstr)

.gnu.version
 *(.gnu.version)

.gnu.version_d
 *(.gnu.version_d)

.gnu.version_r
 *(.gnu.version_r)

.rel.init
 *(.rel.init)

.rela.init
 *(.rela.init)

.rel.text
 *(.rel.text .rel.text.* .rel.gnu.linkonce.t.*)

.rela.text
 *(.rela.text .rela.text.* .rela.gnu.linkonce.t.*)

.rel.fini
 *(.rel.fini)

.rela.fini
 *(.rela.fini)

.rel.rodata
 *(.rel.rodata .rel.rodata.* .rel.gnu.linkonce.r.*)

.rela.rodata
 *(.rela.rodata .rela.rodata.* .rela.gnu.linkonce.r.*)

.rel.data.rel.ro
 *(.rel.data.rel.ro*)

.rela.data.rel.ro
 *(.rel.data.rel.ro*)

.rel.data
 *(.rel.data .rel.data.* .rel.gnu.linkonce.d.*)

.rela.data
 *(.rela.data .rela.data.* .rela.gnu.linkonce.d.*)

.rel.tdata
 *(.rel.tdata .rel.tdata.* .rel.gnu.linkonce.td.*)

.rela.tdata
 *(.rela.tdata .rela.tdata.* .rela.gnu.linkonce.td.*)

.rel.tbss
 *(.rel.tbss .rel.tbss.* .rel.gnu.linkonce.tb.*)

.rela.tbss
 *(.rela.tbss .rela.tbss.* .rela.gnu.linkonce.tb.*)

.rel.ctors
 *(.rel.ctors)

.rela.ctors
 *(.rela.ctors)

.rel.dtors
 *(.rel.dtors)

.rela.dtors
 *(.rela.dtors)

.rel.got
 *(.rel.got)

.rela.got       0x80000008        0x0
 *(.rela.got)
 .rela.got      0x80000008        0x0 c:/program files (x86)/atmel/atmel studio 6.0/extensions/atmel/avrgcc/3.4.0.65/avrtoolchain/bin/../lib/gcc/avr32/4.4.3/../../../../avr32/lib/ucr3/crt0.o

.rel.bss
 *(.rel.bss .rel.bss.* .rel.gnu.linkonce.b.*)

.rela.bss
 *(.rela.bss .rela.bss.* .rela.gnu.linkonce.b.*)

.rel.plt
 *(.rel.plt)

.rela.plt
 *(.rela.plt)

.init           0x80000008       0x1c
 *(.init)
 .init          0x80000008       0x10 c:/program files (x86)/atmel/atmel studio 6.0/extensions/atmel/avrgcc/3.4.0.65/avrtoolchain/bin/../lib/gcc/avr32/4.4.3/ucr3/crti.o
                0x80000008                _init
 .init          0x80000018        0x4 c:/program files (x86)/atmel/atmel studio 6.0/extensions/atmel/avrgcc/3.4.0.65/avrtoolchain/bin/../lib/gcc/avr32/4.4.3/ucr3/crtbegin.o
 .init          0x8000001c        0x4 c:/program files (x86)/atmel/atmel studio 6.0/extensions/atmel/avrgcc/3.4.0.65/avrtoolchain/bin/../lib/gcc/avr32/4.4.3/ucr3/crtend.o
 .init          0x80000020        0x4 c:/program files (x86)/atmel/atmel studio 6.0/extensions/atmel/avrgcc/3.4.0.65/avrtoolchain/bin/../lib/gcc/avr32/4.4.3/ucr3/crtn.o

.plt
 *(.plt)

.text           0x80000024     0x2cf8
 *(.text .stub .text.* .gnu.linkonce.t.*)
 .text          0x80000024       0x84 c:/program files (x86)/atmel/atmel studio 6.0/extensions/atmel/avrgcc/3.4.0.65/avrtoolchain/bin/../lib/gcc/avr32/4.4.3/../../../../avr32/lib/ucr3/crt0.o
                0x80000024                _stext
 .text          0x800000a8       0x64 c:/program files (x86)/atmel/atmel studio 6.0/extensions/atmel/avrgcc/3.4.0.65/avrtoolchain/bin/../lib/gcc/avr32/4.4.3/ucr3/crtbegin.o
 .text.init_gpio
                0x8000010c       0x20 src/app/init_gpio/init_gpio.o
                0x8000010c                init_gpio
 .text.init_mcu
                0x8000012c       0x28 src/app/init_mcu/init_mcu.o
                0x8000012c                init_mcu
 .text          0x80000154        0xc src/app/init_usart/init_usart.o
 .text.init_usart
                0x80000160       0x40 src/app/init_usart/init_usart.o
                0x80000160                init_usart
 .text.flashcdw_set_wait_state
                0x800001a0       0x46 src/asf/avr32/drivers/flashcdw/flashcdw.o
                0x800001a0                flashcdw_set_wait_state
 *fill*         0x800001e6        0x2 d703d703
 .text.flashcdw_set_flash_waitstate_and_readmode
                0x800001e8       0x6c src/asf/avr32/drivers/flashcdw/flashcdw.o
                0x800001e8                flashcdw_set_flash_waitstate_and_readmode
 .text.flashcdw_is_ready
                0x80000254       0x18 src/asf/avr32/drivers/flashcdw/flashcdw.o
                0x80000254                flashcdw_is_ready
 .text.flashcdw_default_wait_until_ready
                0x8000026c       0x1c src/asf/avr32/drivers/flashcdw/flashcdw.o
                0x8000026c                flashcdw_default_wait_until_ready
 .text.flashcdw_get_error_status
                0x80000288       0x16 src/asf/avr32/drivers/flashcdw/flashcdw.o
 *fill*         0x8000029e        0x2 d703d703
 .text.flashcdw_issue_command
                0x800002a0       0x88 src/asf/avr32/drivers/flashcdw/flashcdw.o
                0x800002a0                flashcdw_issue_command
 .text          0x80000328       0x20 src/asf/avr32/drivers/gpio/gpio.o
 .text.gpio_enable_module_pin
                0x80000348      0x27c src/asf/avr32/drivers/gpio/gpio.o
                0x80000348                gpio_enable_module_pin
 .text.cpu_irq_is_enabled_flags
                0x800005c4       0x20 src/asf/avr32/drivers/pm/pm_uc3l.o
 .text.pm_set_mclk_source
                0x800005e4       0x50 src/asf/avr32/drivers/pm/pm_uc3l.o
                0x800005e4                pm_set_mclk_source
 .text.pm_set_clk_domain_div
                0x80000634       0xa8 src/asf/avr32/drivers/pm/pm_uc3l.o
                0x80000634                pm_set_clk_domain_div
 .text.pm_disable_clk_domain_div
                0x800006dc       0x8c src/asf/avr32/drivers/pm/pm_uc3l.o
                0x800006dc                pm_disable_clk_domain_div
 .text.pm_set_all_cksel
                0x80000768       0xb0 src/asf/avr32/drivers/pm/pm_uc3l.o
                0x80000768                pm_set_all_cksel
 .text.pm_find_divratio
                0x80000818       0x40 src/asf/avr32/drivers/pm/pm_uc3l.o
 .text.pcl_configure_clocks
                0x80000858       0x24 src/asf/avr32/drivers/pm/power_clocks_lib.o
                0x80000858                pcl_configure_clocks
 .text.pcl_configure_clocks_rcsys
                0x8000087c       0x28 src/asf/avr32/drivers/pm/power_clocks_lib.o
                0x8000087c                pcl_configure_clocks_rcsys
 .text.pcl_configure_clocks_rc120m
                0x800008a4       0x34 src/asf/avr32/drivers/pm/power_clocks_lib.o
                0x800008a4                pcl_configure_clocks_rc120m
 .text.pcl_configure_clocks_osc0
                0x800008d8       0x54 src/asf/avr32/drivers/pm/power_clocks_lib.o
                0x800008d8                pcl_configure_clocks_osc0
 .text.pcl_configure_clocks_dfll0
                0x8000092c       0x50 src/asf/avr32/drivers/pm/power_clocks_lib.o
                0x8000092c                pcl_configure_clocks_dfll0
 .text.pcl_configure_clocks_uc3l
                0x8000097c       0x70 src/asf/avr32/drivers/pm/power_clocks_lib.o
 .text.pcl_configure_synchronous_clocks
                0x800009ec       0x5c src/asf/avr32/drivers/pm/power_clocks_lib.o
 .text.cpu_irq_is_enabled_flags
                0x80000a48       0x20 src/asf/avr32/drivers/scif/scif_uc3l.o
 .text.scif_configure_osc_crystalmode
                0x80000a68       0xc0 src/asf/avr32/drivers/scif/scif_uc3l.o
                0x80000a68                scif_configure_osc_crystalmode
 .text.scif_enable_osc
                0x80000b28       0xb4 src/asf/avr32/drivers/scif/scif_uc3l.o
                0x80000b28                scif_enable_osc
 .text.scif_dfll0_closedloop_start
                0x80000bdc      0x1a8 src/asf/avr32/drivers/scif/scif_uc3l.o
                0x80000bdc                scif_dfll0_closedloop_start
 .text.scif_dfll0_closedloop_configure_and_start
                0x80000d84      0x234 src/asf/avr32/drivers/scif/scif_uc3l.o
                0x80000d84                scif_dfll0_closedloop_configure_and_start
 .text.scif_start_rc120M
                0x80000fb8       0x48 src/asf/avr32/drivers/scif/scif_uc3l.o
                0x80000fb8                scif_start_rc120M
 .text.scif_start_gclk
                0x80001000       0x70 src/asf/avr32/drivers/scif/scif_uc3l.o
                0x80001000                scif_start_gclk
 .text.scif_pclksr_statushigh_wait
                0x80001070       0x46 src/asf/avr32/drivers/scif/scif_uc3l.o
                0x80001070                scif_pclksr_statushigh_wait
 .text.cpu_irq_is_enabled_flags
                0x800010b6       0x20 src/asf/avr32/drivers/usart/usart.o
 .text.usart_set_async_baudrate
                0x800010d6       0xd2 src/asf/avr32/drivers/usart/usart.o
 .text.usart_reset
                0x800011a8       0x74 src/asf/avr32/drivers/usart/usart.o
                0x800011a8                usart_reset
 .text.usart_init_rs232
                0x8000121c      0x170 src/asf/avr32/drivers/usart/usart.o
                0x8000121c                usart_init_rs232
 .text.usart_write_char
                0x8000138c       0x44 src/asf/avr32/drivers/usart/usart.o
                0x8000138c                usart_write_char
 .text.usart_putchar
                0x800013d0       0x54 src/asf/avr32/drivers/usart/usart.o
                0x800013d0                usart_putchar
 .text          0x80001424        0x4 src/lib/str/str.o
 .text.get_hex_string
                0x80001428       0x4e src/lib/str/str.o
 .text.return_string_from_uint
                0x80001476       0xda src/lib/str/str.o
 .text.str_merge
                0x80001550       0x62 src/lib/str/str.o
                0x80001550                str_merge
 *fill*         0x800015b2        0x2 d703d703
 .text.str_from_uint8_hex
                0x800015b4       0x68 src/lib/str/str.o
                0x800015b4                str_from_uint8_hex
 .text.str_from_uint32_hex
                0x8000161c       0xe4 src/lib/str/str.o
                0x8000161c                str_from_uint32_hex
 .text.str_from_uint8
                0x80001700       0x30 src/lib/str/str.o
                0x80001700                str_from_uint8
 .text.str_from_uint32
                0x80001730       0x30 src/lib/str/str.o
                0x80001730                str_from_uint32
 .text.str_from_int32
                0x80001760       0x64 src/lib/str/str.o
                0x80001760                str_from_int32
 .text.str_compare
                0x800017c4       0x80 src/lib/str/str.o
                0x800017c4                str_compare
 .text          0x80001844      0x10c src/lib/utest/test/test_utest.o
 .text.TEST_utest_SETUP
                0x80001950        0xa src/lib/utest/test/test_utest.o
                0x80001950                TEST_utest_SETUP
 .text.TEST_utest_TEAR_DOWN
                0x8000195a        0xa src/lib/utest/test/test_utest.o
                0x8000195a                TEST_utest_TEAR_DOWN
 .text.TEST_utest_all_asserts_should_fail_run
                0x80001964       0x30 src/lib/utest/test/test_utest.o
                0x80001964                TEST_utest_all_asserts_should_fail_run
 .text.TEST_utest_all_asserts_should_fail_
                0x80001994       0x80 src/lib/utest/test/test_utest.o
                0x80001994                TEST_utest_all_asserts_should_fail_
 .text.TEST_utest_all_asserts_should_pass_run
                0x80001a14       0x30 src/lib/utest/test/test_utest.o
                0x80001a14                TEST_utest_all_asserts_should_pass_run
 .text.TEST_utest_all_asserts_should_pass_
                0x80001a44       0x7c src/lib/utest/test/test_utest.o
                0x80001a44                TEST_utest_all_asserts_should_pass_
 .text.TEST_utest_GROUP_RUNNER
                0x80001ac0       0x14 src/lib/utest/test/test_utest.o
                0x80001ac0                TEST_utest_GROUP_RUNNER
 .text.TEST_utest_GROUP_RUNNER_runAll
                0x80001ad4       0x1c src/lib/utest/test/test_utest.o
                0x80001ad4                TEST_utest_GROUP_RUNNER_runAll
 .text          0x80001af0       0x78 src/lib/utest/utest.o
 .text.utest_print
                0x80001b68       0x54 src/lib/utest/utest.o
 .text.utest_print_line
                0x80001bbc       0x38 src/lib/utest/utest.o
 .text.utest_print_eol
                0x80001bf4       0x18 src/lib/utest/utest.o
 .text.utest_main
                0x80001c0c       0x94 src/lib/utest/utest.o
                0x80001c0c                utest_main
 .text.utest_runner
                0x80001ca0       0x6c src/lib/utest/utest.o
                0x80001ca0                utest_runner
 .text.print_failure_msg_head
                0x80001d0c       0x18 src/lib/utest/utest.o
 .text.print_failure_msg_middle
                0x80001d24       0x18 src/lib/utest/utest.o
 .text.print_failure_msg_footer
                0x80001d3c       0x3c src/lib/utest/utest.o
 .text.print_values_uint8
                0x80001d78       0x68 src/lib/utest/utest.o
 .text.print_values_uint32
                0x80001de0       0x60 src/lib/utest/utest.o
 .text.print_values_int32
                0x80001e40       0x64 src/lib/utest/utest.o
 .text.print_values_string
                0x80001ea4       0x34 src/lib/utest/utest.o
 .text.utest_assert
                0x80001ed8       0x68 src/lib/utest/utest.o
                0x80001ed8                utest_assert
 .text.utest_assert_uint8
                0x80001f40       0x70 src/lib/utest/utest.o
                0x80001f40                utest_assert_uint8
 .text.utest_assert_uint32
                0x80001fb0       0x68 src/lib/utest/utest.o
                0x80001fb0                utest_assert_uint32
 .text.utest_assert_int32
                0x80002018       0x68 src/lib/utest/utest.o
                0x80002018                utest_assert_int32
 .text.utest_assert_string
                0x80002080       0x80 src/lib/utest/utest.o
                0x80002080                utest_assert_string
 .text.test_runner
                0x80002100       0x14 src/main.o
                0x80002100                test_runner
 .text.main     0x80002114       0x38 src/main.o
                0x80002114                main
 .text          0x8000214c      0x292 c:/program files (x86)/atmel/atmel studio 6.0/extensions/atmel/avrgcc/3.4.0.65/avrtoolchain/bin/../lib/gcc/avr32/4.4.3/ucr3\libgcc.a(_udivdi3.o)
                0x8000214c                __avr32_udiv64
                0x8000214c                __udivdi3
 *fill*         0x800023de        0x2 d703d703
 .text.atexit   0x800023e0       0x14 c:/program files (x86)/atmel/atmel studio 6.0/extensions/atmel/avrgcc/3.4.0.65/avrtoolchain/bin/../lib/gcc/avr32/4.4.3/../../../../avr32/lib/ucr3\libc.a(lib_a-atexit.o)
                0x800023e0                atexit
 .text.exit     0x800023f4       0x28 c:/program files (x86)/atmel/atmel studio 6.0/extensions/atmel/avrgcc/3.4.0.65/avrtoolchain/bin/../lib/gcc/avr32/4.4.3/../../../../avr32/lib/ucr3\libc.a(lib_a-exit.o)
                0x800023f4                exit
 .text._init_startup
                0x8000241c        0x2 c:/program files (x86)/atmel/atmel studio 6.0/extensions/atmel/avrgcc/3.4.0.65/avrtoolchain/bin/../lib/gcc/avr32/4.4.3/../../../../avr32/lib/ucr3\libc.a(lib_a-syscalls.o)
                0x8000241c                _init_startup
 .text._init_argv
                0x8000241e        0xa c:/program files (x86)/atmel/atmel studio 6.0/extensions/atmel/avrgcc/3.4.0.65/avrtoolchain/bin/../lib/gcc/avr32/4.4.3/../../../../avr32/lib/ucr3\libc.a(lib_a-syscalls.o)
                0x8000241e                _init_argv
 .text._exit    0x80002428        0xa c:/program files (x86)/atmel/atmel studio 6.0/extensions/atmel/avrgcc/3.4.0.65/avrtoolchain/bin/../lib/gcc/avr32/4.4.3/../../../../avr32/lib/ucr3\libc.a(lib_a-syscalls.o)
                0x80002428                _exit
 *fill*         0x80002432        0x2 d703d703
 .text._sbrk    0x80002434       0x40 c:/program files (x86)/atmel/atmel studio 6.0/extensions/atmel/avrgcc/3.4.0.65/avrtoolchain/bin/../lib/gcc/avr32/4.4.3/../../../../avr32/lib/ucr3\libc.a(lib_a-syscalls.o)
                0x80002434                _sbrk
 .text.__register_exitproc
                0x80002474       0xac c:/program files (x86)/atmel/atmel studio 6.0/extensions/atmel/avrgcc/3.4.0.65/avrtoolchain/bin/../lib/gcc/avr32/4.4.3/../../../../avr32/lib/ucr3\libc.a(lib_a-__atexit.o)
                0x80002474                __register_exitproc
 .text.__call_exitprocs
                0x80002520       0xd4 c:/program files (x86)/atmel/atmel studio 6.0/extensions/atmel/avrgcc/3.4.0.65/avrtoolchain/bin/../lib/gcc/avr32/4.4.3/../../../../avr32/lib/ucr3\libc.a(lib_a-__call_atexit.o)
                0x80002520                __call_exitprocs
 .text.__errno  0x800025f4        0xc c:/program files (x86)/atmel/atmel studio 6.0/extensions/atmel/avrgcc/3.4.0.65/avrtoolchain/bin/../lib/gcc/avr32/4.4.3/../../../../avr32/lib/ucr3\libc.a(lib_a-errno.o)
                0x800025f4                __errno
 .text.free     0x80002600       0x18 c:/program files (x86)/atmel/atmel studio 6.0/extensions/atmel/avrgcc/3.4.0.65/avrtoolchain/bin/../lib/gcc/avr32/4.4.3/../../../../avr32/lib/ucr3\libc.a(lib_a-malloc.o)
                0x80002600                free
 .text.malloc   0x80002618       0x18 c:/program files (x86)/atmel/atmel studio 6.0/extensions/atmel/avrgcc/3.4.0.65/avrtoolchain/bin/../lib/gcc/avr32/4.4.3/../../../../avr32/lib/ucr3\libc.a(lib_a-malloc.o)
                0x80002618                malloc
 .text._malloc_r
                0x80002630      0x454 c:/program files (x86)/atmel/atmel studio 6.0/extensions/atmel/avrgcc/3.4.0.65/avrtoolchain/bin/../lib/gcc/avr32/4.4.3/../../../../avr32/lib/ucr3\libc.a(lib_a-mallocr.o)
                0x80002630                _malloc_r
 .text.__malloc_lock
                0x80002a84        0x2 c:/program files (x86)/atmel/atmel studio 6.0/extensions/atmel/avrgcc/3.4.0.65/avrtoolchain/bin/../lib/gcc/avr32/4.4.3/../../../../avr32/lib/ucr3\libc.a(lib_a-mlock.o)
                0x80002a84                __malloc_lock
 .text.__malloc_unlock
                0x80002a86        0x2 c:/program files (x86)/atmel/atmel studio 6.0/extensions/atmel/avrgcc/3.4.0.65/avrtoolchain/bin/../lib/gcc/avr32/4.4.3/../../../../avr32/lib/ucr3\libc.a(lib_a-mlock.o)
                0x80002a86                __malloc_unlock
 .text._sbrk_r  0x80002a88       0x28 c:/program files (x86)/atmel/atmel studio 6.0/extensions/atmel/avrgcc/3.4.0.65/avrtoolchain/bin/../lib/gcc/avr32/4.4.3/../../../../avr32/lib/ucr3\libc.a(lib_a-sbrkr.o)
                0x80002a88                _sbrk_r
 .text._malloc_trim_r
                0x80002ab0       0xa8 c:/program files (x86)/atmel/atmel studio 6.0/extensions/atmel/avrgcc/3.4.0.65/avrtoolchain/bin/../lib/gcc/avr32/4.4.3/../../../../avr32/lib/ucr3\libc.a(lib_a-freer.o)
                0x80002ab0                _malloc_trim_r
 .text._free_r  0x80002b58      0x1a4 c:/program files (x86)/atmel/atmel studio 6.0/extensions/atmel/avrgcc/3.4.0.65/avrtoolchain/bin/../lib/gcc/avr32/4.4.3/../../../../avr32/lib/ucr3\libc.a(lib_a-freer.o)
                0x80002b58                _free_r
 .text          0x80002cfc       0x20 c:/program files (x86)/atmel/atmel studio 6.0/extensions/atmel/avrgcc/3.4.0.65/avrtoolchain/bin/../lib/gcc/avr32/4.4.3/ucr3/crtend.o
 *(.text.*personality*)
 *(.gnu.warning)

.fini           0x80002d1c       0x18
 *(.fini)
 .fini          0x80002d1c       0x10 c:/program files (x86)/atmel/atmel studio 6.0/extensions/atmel/avrgcc/3.4.0.65/avrtoolchain/bin/../lib/gcc/avr32/4.4.3/ucr3/crti.o
                0x80002d1c                _fini
 .fini          0x80002d2c        0x4 c:/program files (x86)/atmel/atmel studio 6.0/extensions/atmel/avrgcc/3.4.0.65/avrtoolchain/bin/../lib/gcc/avr32/4.4.3/ucr3/crtbegin.o
 .fini          0x80002d30        0x4 c:/program files (x86)/atmel/atmel studio 6.0/extensions/atmel/avrgcc/3.4.0.65/avrtoolchain/bin/../lib/gcc/avr32/4.4.3/ucr3/crtn.o
                0x80002d34                PROVIDE (__etext, .)
                0x80002d34                PROVIDE (_etext, .)
                0x80002d34                PROVIDE (etext, .)

.rodata         0x80002d34       0x68
 *(.rodata .rodata.* .gnu.linkonce.r.*)
 .rodata.str1.4
                0x80002d34        0x4 c:/program files (x86)/atmel/atmel studio 6.0/extensions/atmel/avrgcc/3.4.0.65/avrtoolchain/bin/../lib/gcc/avr32/4.4.3/../../../../avr32/lib/ucr3\libc.a(lib_a-impure.o)
 .rodata._global_impure_ptr
                0x80002d38        0x4 c:/program files (x86)/atmel/atmel studio 6.0/extensions/atmel/avrgcc/3.4.0.65/avrtoolchain/bin/../lib/gcc/avr32/4.4.3/../../../../avr32/lib/ucr3\libc.a(lib_a-impure.o)
                0x80002d38                _global_impure_ptr
 .rodata.__sf_fake_stdin
                0x80002d3c       0x20 c:/program files (x86)/atmel/atmel studio 6.0/extensions/atmel/avrgcc/3.4.0.65/avrtoolchain/bin/../lib/gcc/avr32/4.4.3/../../../../avr32/lib/ucr3\libc.a(lib_a-findfp.o)
                0x80002d3c                __sf_fake_stdin
 .rodata.__sf_fake_stdout
                0x80002d5c       0x20 c:/program files (x86)/atmel/atmel studio 6.0/extensions/atmel/avrgcc/3.4.0.65/avrtoolchain/bin/../lib/gcc/avr32/4.4.3/../../../../avr32/lib/ucr3\libc.a(lib_a-findfp.o)
                0x80002d5c                __sf_fake_stdout
 .rodata.__sf_fake_stderr
                0x80002d7c       0x20 c:/program files (x86)/atmel/atmel studio 6.0/extensions/atmel/avrgcc/3.4.0.65/avrtoolchain/bin/../lib/gcc/avr32/4.4.3/../../../../avr32/lib/ucr3\libc.a(lib_a-findfp.o)
                0x80002d7c                __sf_fake_stderr

.rodata1
 *(.rodata1)

.eh_frame_hdr
 *(.eh_frame_hdr)

.eh_frame
 *(.eh_frame)

.gcc_except_table
 *(.gcc_except_table)
 *(.gcc_except_table.*)

.dalign         0x80002d9c        0x4
                0x80002da0                . = ALIGN (0x8)
 *fill*         0x80002d9c        0x4 00
                0x80002da0                PROVIDE (_data_lma, .)
                0x00000004                PROVIDE (_data, ORIGIN (CPUSRAM))
                0x00000004                . = ORIGIN (CPUSRAM)

.eh_frame
 *(.eh_frame)

.gcc_except_table
 *(.gcc_except_table)
 *(.gcc_except_table.*)

.tdata
 *(.tdata .tdata.* .gnu.linkonce.td.*)

.tbss
 *(.tbss .tbss.* .gnu.linkonce.tb.*)
 *(.tcommon)
                0x00000004                PROVIDE (__preinit_array_start, ALIGN (0x4))

.preinit_array
 *(.preinit_array)
                0x00000004                PROVIDE (__preinit_array_end, .)
                0x00000004                PROVIDE (__init_array_start, .)

.init_array
 *(.init_array)
                0x00000004                PROVIDE (__init_array_end, .)
                0x00000004                PROVIDE (__fini_array_start, .)

.fini_array
 *(.fini_array)
                0x00000004                PROVIDE (__fini_array_end, .)

.ctors          0x00000004        0x8 load address 0x80002da0
 *crtbegin*.o(.ctors)
 .ctors         0x00000004        0x4 c:/program files (x86)/atmel/atmel studio 6.0/extensions/atmel/avrgcc/3.4.0.65/avrtoolchain/bin/../lib/gcc/avr32/4.4.3/ucr3/crtbegin.o
 *(EXCLUDE_FILE(*crtend*.o) .ctors)
 *(SORT(.ctors.*))
 *(.ctors)
 .ctors         0x00000008        0x4 c:/program files (x86)/atmel/atmel studio 6.0/extensions/atmel/avrgcc/3.4.0.65/avrtoolchain/bin/../lib/gcc/avr32/4.4.3/ucr3/crtend.o

.dtors          0x0000000c        0x8 load address 0x80002da8
 *crtbegin*.o(.dtors)
 .dtors         0x0000000c        0x4 c:/program files (x86)/atmel/atmel studio 6.0/extensions/atmel/avrgcc/3.4.0.65/avrtoolchain/bin/../lib/gcc/avr32/4.4.3/ucr3/crtbegin.o
 *(EXCLUDE_FILE(*crtend*.o) .dtors)
 *(SORT(.dtors.*))
 *(.dtors)
 .dtors         0x00000010        0x4 c:/program files (x86)/atmel/atmel studio 6.0/extensions/atmel/avrgcc/3.4.0.65/avrtoolchain/bin/../lib/gcc/avr32/4.4.3/ucr3/crtend.o
                0x00000010                __DTOR_END__

.jcr            0x00000014        0x4 load address 0x80002db0
 *(.jcr)
 .jcr           0x00000014        0x0 c:/program files (x86)/atmel/atmel studio 6.0/extensions/atmel/avrgcc/3.4.0.65/avrtoolchain/bin/../lib/gcc/avr32/4.4.3/ucr3/crtbegin.o
 .jcr           0x00000014        0x4 c:/program files (x86)/atmel/atmel studio 6.0/extensions/atmel/avrgcc/3.4.0.65/avrtoolchain/bin/../lib/gcc/avr32/4.4.3/ucr3/crtend.o

.data.rel.ro
 *(.data.rel.ro.local)
 *(.data.rel.ro*)

.dynamic
 *(.dynamic)

.got            0x00000018        0xc load address 0x80002db4
 *(.got.plt)
 *(.got)
 .got           0x00000018        0xc c:/program files (x86)/atmel/atmel studio 6.0/extensions/atmel/avrgcc/3.4.0.65/avrtoolchain/bin/../lib/gcc/avr32/4.4.3/../../../../avr32/lib/ucr3/crt0.o
                0x00000018                _GLOBAL_OFFSET_TABLE_

.data           0x00000024      0x52c load address 0x80002dc0
 *(.data .data.* .gnu.linkonce.d.*)
 .data          0x00000024       0x24 src/app/init_mcu/init_mcu.o
 .data          0x00000048        0x4 src/asf/avr32/drivers/flashcdw/flashcdw.o
                0x00000048                flashcdw_wait_until_ready
 .data.impure_data
                0x0000004c       0xf0 c:/program files (x86)/atmel/atmel studio 6.0/extensions/atmel/avrgcc/3.4.0.65/avrtoolchain/bin/../lib/gcc/avr32/4.4.3/../../../../avr32/lib/ucr3\libc.a(lib_a-impure.o)
 .data._impure_ptr
                0x0000013c        0x4 c:/program files (x86)/atmel/atmel studio 6.0/extensions/atmel/avrgcc/3.4.0.65/avrtoolchain/bin/../lib/gcc/avr32/4.4.3/../../../../avr32/lib/ucr3\libc.a(lib_a-impure.o)
                0x0000013c                _impure_ptr
 .data.__malloc_av_
                0x00000140      0x408 c:/program files (x86)/atmel/atmel studio 6.0/extensions/atmel/avrgcc/3.4.0.65/avrtoolchain/bin/../lib/gcc/avr32/4.4.3/../../../../avr32/lib/ucr3\libc.a(lib_a-mallocr.o)
                0x00000140                __malloc_av_
 .data.__malloc_trim_threshold
                0x00000548        0x4 c:/program files (x86)/atmel/atmel studio 6.0/extensions/atmel/avrgcc/3.4.0.65/avrtoolchain/bin/../lib/gcc/avr32/4.4.3/../../../../avr32/lib/ucr3\libc.a(lib_a-mallocr.o)
                0x00000548                __malloc_trim_threshold
 .data.__malloc_sbrk_base
                0x0000054c        0x4 c:/program files (x86)/atmel/atmel studio 6.0/extensions/atmel/avrgcc/3.4.0.65/avrtoolchain/bin/../lib/gcc/avr32/4.4.3/../../../../avr32/lib/ucr3\libc.a(lib_a-mallocr.o)
                0x0000054c                __malloc_sbrk_base
 *(.gnu.linkonce.d.*personality*)

.data1
 *(.data1)

.balign         0x00000550        0x0 load address 0x800032ec
                0x00000550                . = ALIGN (0x8)
                0x00000550                _edata = .
                0x00000550                _edata = .
                0x00000550                PROVIDE (edata, .)
                0x00000550                __bss_start = .

.bss            0x00000550       0x68 load address 0x800032ec
 *(.dynbss)
 *(.bss .bss.* .gnu.linkonce.b.*)
 .bss           0x00000550        0x8 c:/program files (x86)/atmel/atmel studio 6.0/extensions/atmel/avrgcc/3.4.0.65/avrtoolchain/bin/../lib/gcc/avr32/4.4.3/ucr3/crtbegin.o
 .bss           0x00000558       0x10 src/app/init_mcu/init_mcu.o
 .bss           0x00000568        0x4 src/asf/avr32/drivers/flashcdw/flashcdw.o
 .bss           0x0000056c       0x10 src/lib/utest/utest.o
                0x0000056c                string_buffer
 .bss.cur_heap_pos.1869
                0x0000057c        0x4 c:/program files (x86)/atmel/atmel studio 6.0/extensions/atmel/avrgcc/3.4.0.65/avrtoolchain/bin/../lib/gcc/avr32/4.4.3/../../../../avr32/lib/ucr3\libc.a(lib_a-syscalls.o)
 .bss.__malloc_max_total_mem
                0x00000580        0x4 c:/program files (x86)/atmel/atmel studio 6.0/extensions/atmel/avrgcc/3.4.0.65/avrtoolchain/bin/../lib/gcc/avr32/4.4.3/../../../../avr32/lib/ucr3\libc.a(lib_a-mallocr.o)
                0x00000580                __malloc_max_total_mem
 .bss.__malloc_max_sbrked_mem
                0x00000584        0x4 c:/program files (x86)/atmel/atmel studio 6.0/extensions/atmel/avrgcc/3.4.0.65/avrtoolchain/bin/../lib/gcc/avr32/4.4.3/../../../../avr32/lib/ucr3\libc.a(lib_a-mallocr.o)
                0x00000584                __malloc_max_sbrked_mem
 .bss.__malloc_top_pad
                0x00000588        0x4 c:/program files (x86)/atmel/atmel studio 6.0/extensions/atmel/avrgcc/3.4.0.65/avrtoolchain/bin/../lib/gcc/avr32/4.4.3/../../../../avr32/lib/ucr3\libc.a(lib_a-mallocr.o)
                0x00000588                __malloc_top_pad
 .bss.__malloc_current_mallinfo
                0x0000058c       0x28 c:/program files (x86)/atmel/atmel studio 6.0/extensions/atmel/avrgcc/3.4.0.65/avrtoolchain/bin/../lib/gcc/avr32/4.4.3/../../../../avr32/lib/ucr3\libc.a(lib_a-mallocr.o)
                0x0000058c                __malloc_current_mallinfo
 *(COMMON)
 COMMON         0x000005b4        0x4 c:/program files (x86)/atmel/atmel studio 6.0/extensions/atmel/avrgcc/3.4.0.65/avrtoolchain/bin/../lib/gcc/avr32/4.4.3/../../../../avr32/lib/ucr3\libc.a(lib_a-reent.o)
                0x000005b4                errno
                0x000005b8                . = ALIGN (0x8)
                0x000005b8                . = ALIGN (0x8)
                0x000005b8                _end = .
                0x000005b8                PROVIDE (end, .)
                0x000005b8                __heap_start__ = ALIGN (0x8)
                0x00003000                . = ((ORIGIN (CPUSRAM) + 0x3ffc) - _stack_size)
                0x00003000                __heap_end__ = .

.stab
 *(.stab)

.stabstr
 *(.stabstr)

.stab.excl
 *(.stab.excl)

.stab.exclstr
 *(.stab.exclstr)

.stab.index
 *(.stab.index)

.stab.indexstr
 *(.stab.indexstr)

.comment        0x00000000       0x30
 *(.comment)
 .comment       0x00000000       0x30 c:/program files (x86)/atmel/atmel studio 6.0/extensions/atmel/avrgcc/3.4.0.65/avrtoolchain/bin/../lib/gcc/avr32/4.4.3/ucr3/crtbegin.o
                                 0x31 (size before relaxing)
 .comment       0x00000000       0x31 src/app/init_gpio/init_gpio.o
 .comment       0x00000000       0x31 src/app/init_mcu/init_mcu.o
 .comment       0x00000000       0x31 src/app/init_usart/init_usart.o
 .comment       0x00000000       0x31 src/asf/avr32/drivers/flashcdw/flashcdw.o
 .comment       0x00000000       0x31 src/asf/avr32/drivers/gpio/gpio.o
 .comment       0x00000000       0x31 src/asf/avr32/drivers/pm/pm_uc3l.o
 .comment       0x00000000       0x31 src/asf/avr32/drivers/pm/power_clocks_lib.o
 .comment       0x00000000       0x31 src/asf/avr32/drivers/scif/scif_uc3l.o
 .comment       0x00000000       0x31 src/asf/avr32/drivers/usart/usart.o
 .comment       0x00000000       0x31 src/lib/str/str.o
 .comment       0x00000000       0x31 src/lib/utest/test/test_utest.o
 .comment       0x00000000       0x31 src/lib/utest/utest.o
 .comment       0x00000000       0x31 src/main.o
 .comment       0x00000000       0x31 c:/program files (x86)/atmel/atmel studio 6.0/extensions/atmel/avrgcc/3.4.0.65/avrtoolchain/bin/../lib/gcc/avr32/4.4.3/ucr3\libgcc.a(_udivdi3.o)
 .comment       0x00000000       0x31 c:/program files (x86)/atmel/atmel studio 6.0/extensions/atmel/avrgcc/3.4.0.65/avrtoolchain/bin/../lib/gcc/avr32/4.4.3/../../../../avr32/lib/ucr3\libc.a(lib_a-atexit.o)
 .comment       0x00000000       0x31 c:/program files (x86)/atmel/atmel studio 6.0/extensions/atmel/avrgcc/3.4.0.65/avrtoolchain/bin/../lib/gcc/avr32/4.4.3/../../../../avr32/lib/ucr3\libc.a(lib_a-exit.o)
 .comment       0x00000000       0x31 c:/program files (x86)/atmel/atmel studio 6.0/extensions/atmel/avrgcc/3.4.0.65/avrtoolchain/bin/../lib/gcc/avr32/4.4.3/../../../../avr32/lib/ucr3\libc.a(lib_a-impure.o)
 .comment       0x00000000       0x31 c:/program files (x86)/atmel/atmel studio 6.0/extensions/atmel/avrgcc/3.4.0.65/avrtoolchain/bin/../lib/gcc/avr32/4.4.3/../../../../avr32/lib/ucr3\libc.a(lib_a-syscalls.o)
 .comment       0x00000000       0x31 c:/program files (x86)/atmel/atmel studio 6.0/extensions/atmel/avrgcc/3.4.0.65/avrtoolchain/bin/../lib/gcc/avr32/4.4.3/../../../../avr32/lib/ucr3\libc.a(lib_a-__atexit.o)
 .comment       0x00000000       0x31 c:/program files (x86)/atmel/atmel studio 6.0/extensions/atmel/avrgcc/3.4.0.65/avrtoolchain/bin/../lib/gcc/avr32/4.4.3/../../../../avr32/lib/ucr3\libc.a(lib_a-__call_atexit.o)
 .comment       0x00000000       0x31 c:/program files (x86)/atmel/atmel studio 6.0/extensions/atmel/avrgcc/3.4.0.65/avrtoolchain/bin/../lib/gcc/avr32/4.4.3/../../../../avr32/lib/ucr3\libc.a(lib_a-errno.o)
 .comment       0x00000000       0x31 c:/program files (x86)/atmel/atmel studio 6.0/extensions/atmel/avrgcc/3.4.0.65/avrtoolchain/bin/../lib/gcc/avr32/4.4.3/../../../../avr32/lib/ucr3\libc.a(lib_a-findfp.o)
 .comment       0x00000000       0x31 c:/program files (x86)/atmel/atmel studio 6.0/extensions/atmel/avrgcc/3.4.0.65/avrtoolchain/bin/../lib/gcc/avr32/4.4.3/../../../../avr32/lib/ucr3\libc.a(lib_a-malloc.o)
 .comment       0x00000000       0x31 c:/program files (x86)/atmel/atmel studio 6.0/extensions/atmel/avrgcc/3.4.0.65/avrtoolchain/bin/../lib/gcc/avr32/4.4.3/../../../../avr32/lib/ucr3\libc.a(lib_a-mallocr.o)
 .comment       0x00000000       0x31 c:/program files (x86)/atmel/atmel studio 6.0/extensions/atmel/avrgcc/3.4.0.65/avrtoolchain/bin/../lib/gcc/avr32/4.4.3/../../../../avr32/lib/ucr3\libc.a(lib_a-mlock.o)
 .comment       0x00000000       0x31 c:/program files (x86)/atmel/atmel studio 6.0/extensions/atmel/avrgcc/3.4.0.65/avrtoolchain/bin/../lib/gcc/avr32/4.4.3/../../../../avr32/lib/ucr3\libc.a(lib_a-reent.o)
 .comment       0x00000000       0x31 c:/program files (x86)/atmel/atmel studio 6.0/extensions/atmel/avrgcc/3.4.0.65/avrtoolchain/bin/../lib/gcc/avr32/4.4.3/../../../../avr32/lib/ucr3\libc.a(lib_a-sbrkr.o)
 .comment       0x00000000       0x31 c:/program files (x86)/atmel/atmel studio 6.0/extensions/atmel/avrgcc/3.4.0.65/avrtoolchain/bin/../lib/gcc/avr32/4.4.3/../../../../avr32/lib/ucr3\libc.a(lib_a-freer.o)
 .comment       0x00000000       0x31 c:/program files (x86)/atmel/atmel studio 6.0/extensions/atmel/avrgcc/3.4.0.65/avrtoolchain/bin/../lib/gcc/avr32/4.4.3/ucr3/crtend.o

.debug
 *(.debug)

.line
 *(.line)

.debug_srcinfo
 *(.debug_srcinfo)

.debug_sfnames
 *(.debug_sfnames)

.debug_aranges  0x00000000      0xb60
 *(.debug_aranges)
 .debug_aranges
                0x00000000       0x20 src/app/init_gpio/init_gpio.o
 .debug_aranges
                0x00000020       0x20 src/app/init_mcu/init_mcu.o
 .debug_aranges
                0x00000040       0x20 src/app/init_usart/init_usart.o
 .debug_aranges
                0x00000060      0x260 src/asf/avr32/drivers/flashcdw/flashcdw.o
 .debug_aranges
                0x000002c0      0x110 src/asf/avr32/drivers/gpio/gpio.o
 .debug_aranges
                0x000003d0       0x68 src/asf/avr32/drivers/pm/pm_uc3l.o
 .debug_aranges
                0x00000438       0x60 src/asf/avr32/drivers/pm/power_clocks_lib.o
 .debug_aranges
                0x00000498       0xe8 src/asf/avr32/drivers/scif/scif_uc3l.o
 .debug_aranges
                0x00000580      0x108 src/asf/avr32/drivers/usart/usart.o
 .debug_aranges
                0x00000688       0x98 src/lib/str/str.o
 .debug_aranges
                0x00000720       0x58 src/lib/utest/test/test_utest.o
 .debug_aranges
                0x00000778       0xa0 src/lib/utest/utest.o
 .debug_aranges
                0x00000818       0x28 src/main.o
 .debug_aranges
                0x00000840       0x20 c:/program files (x86)/atmel/atmel studio 6.0/extensions/atmel/avrgcc/3.4.0.65/avrtoolchain/bin/../lib/gcc/avr32/4.4.3/ucr3\libgcc.a(_udivdi3.o)
 .debug_aranges
                0x00000860       0x20 c:/program files (x86)/atmel/atmel studio 6.0/extensions/atmel/avrgcc/3.4.0.65/avrtoolchain/bin/../lib/gcc/avr32/4.4.3/../../../../avr32/lib/ucr3\libc.a(lib_a-atexit.o)
 .debug_aranges
                0x00000880       0x20 c:/program files (x86)/atmel/atmel studio 6.0/extensions/atmel/avrgcc/3.4.0.65/avrtoolchain/bin/../lib/gcc/avr32/4.4.3/../../../../avr32/lib/ucr3\libc.a(lib_a-exit.o)
 .debug_aranges
                0x000008a0       0xf8 c:/program files (x86)/atmel/atmel studio 6.0/extensions/atmel/avrgcc/3.4.0.65/avrtoolchain/bin/../lib/gcc/avr32/4.4.3/../../../../avr32/lib/ucr3\libc.a(lib_a-syscalls.o)
 .debug_aranges
                0x00000998       0x20 c:/program files (x86)/atmel/atmel studio 6.0/extensions/atmel/avrgcc/3.4.0.65/avrtoolchain/bin/../lib/gcc/avr32/4.4.3/../../../../avr32/lib/ucr3\libc.a(lib_a-__atexit.o)
 .debug_aranges
                0x000009b8       0x20 c:/program files (x86)/atmel/atmel studio 6.0/extensions/atmel/avrgcc/3.4.0.65/avrtoolchain/bin/../lib/gcc/avr32/4.4.3/../../../../avr32/lib/ucr3\libc.a(lib_a-__call_atexit.o)
 .debug_aranges
                0x000009d8       0x20 c:/program files (x86)/atmel/atmel studio 6.0/extensions/atmel/avrgcc/3.4.0.65/avrtoolchain/bin/../lib/gcc/avr32/4.4.3/../../../../avr32/lib/ucr3\libc.a(lib_a-errno.o)
 .debug_aranges
                0x000009f8       0x80 c:/program files (x86)/atmel/atmel studio 6.0/extensions/atmel/avrgcc/3.4.0.65/avrtoolchain/bin/../lib/gcc/avr32/4.4.3/../../../../avr32/lib/ucr3\libc.a(lib_a-findfp.o)
 .debug_aranges
                0x00000a78       0x28 c:/program files (x86)/atmel/atmel studio 6.0/extensions/atmel/avrgcc/3.4.0.65/avrtoolchain/bin/../lib/gcc/avr32/4.4.3/../../../../avr32/lib/ucr3\libc.a(lib_a-malloc.o)
 .debug_aranges
                0x00000aa0       0x20 c:/program files (x86)/atmel/atmel studio 6.0/extensions/atmel/avrgcc/3.4.0.65/avrtoolchain/bin/../lib/gcc/avr32/4.4.3/../../../../avr32/lib/ucr3\libc.a(lib_a-mallocr.o)
 .debug_aranges
                0x00000ac0       0x28 c:/program files (x86)/atmel/atmel studio 6.0/extensions/atmel/avrgcc/3.4.0.65/avrtoolchain/bin/../lib/gcc/avr32/4.4.3/../../../../avr32/lib/ucr3\libc.a(lib_a-mlock.o)
 .debug_aranges
                0x00000ae8       0x30 c:/program files (x86)/atmel/atmel studio 6.0/extensions/atmel/avrgcc/3.4.0.65/avrtoolchain/bin/../lib/gcc/avr32/4.4.3/../../../../avr32/lib/ucr3\libc.a(lib_a-reent.o)
 .debug_aranges
                0x00000b18       0x20 c:/program files (x86)/atmel/atmel studio 6.0/extensions/atmel/avrgcc/3.4.0.65/avrtoolchain/bin/../lib/gcc/avr32/4.4.3/../../../../avr32/lib/ucr3\libc.a(lib_a-sbrkr.o)
 .debug_aranges
                0x00000b38       0x28 c:/program files (x86)/atmel/atmel studio 6.0/extensions/atmel/avrgcc/3.4.0.65/avrtoolchain/bin/../lib/gcc/avr32/4.4.3/../../../../avr32/lib/ucr3\libc.a(lib_a-freer.o)

.debug_pubnames
                0x00000000     0x1c02
 *(.debug_pubnames)
 .debug_pubnames
                0x00000000       0x20 src/app/init_gpio/init_gpio.o
 .debug_pubnames
                0x00000020       0x1f src/app/init_mcu/init_mcu.o
 .debug_pubnames
                0x0000003f       0x21 src/app/init_usart/init_usart.o
 .debug_pubnames
                0x00000060      0x950 src/asf/avr32/drivers/flashcdw/flashcdw.o
 .debug_pubnames
                0x000009b0      0x359 src/asf/avr32/drivers/gpio/gpio.o
 .debug_pubnames
                0x00000d09       0xd8 src/asf/avr32/drivers/pm/pm_uc3l.o
 .debug_pubnames
                0x00000de1       0xd9 src/asf/avr32/drivers/pm/power_clocks_lib.o
 .debug_pubnames
                0x00000eba      0x28e src/asf/avr32/drivers/scif/scif_uc3l.o
 .debug_pubnames
                0x00001148      0x227 src/asf/avr32/drivers/usart/usart.o
 .debug_pubnames
                0x0000136f      0x124 src/lib/str/str.o
 .debug_pubnames
                0x00001493      0x13a src/lib/utest/test/test_utest.o
 .debug_pubnames
                0x000015cd       0xb3 src/lib/utest/utest.o
 .debug_pubnames
                0x00001680       0x2b src/main.o
 .debug_pubnames
                0x000016ab       0x20 c:/program files (x86)/atmel/atmel studio 6.0/extensions/atmel/avrgcc/3.4.0.65/avrtoolchain/bin/../lib/gcc/avr32/4.4.3/ucr3\libgcc.a(_udivdi3.o)
 .debug_pubnames
                0x000016cb       0x1d c:/program files (x86)/atmel/atmel studio 6.0/extensions/atmel/avrgcc/3.4.0.65/avrtoolchain/bin/../lib/gcc/avr32/4.4.3/../../../../avr32/lib/ucr3\libc.a(lib_a-atexit.o)
 .debug_pubnames
                0x000016e8       0x1b c:/program files (x86)/atmel/atmel studio 6.0/extensions/atmel/avrgcc/3.4.0.65/avrtoolchain/bin/../lib/gcc/avr32/4.4.3/../../../../avr32/lib/ucr3\libc.a(lib_a-exit.o)
 .debug_pubnames
                0x00001703       0x39 c:/program files (x86)/atmel/atmel studio 6.0/extensions/atmel/avrgcc/3.4.0.65/avrtoolchain/bin/../lib/gcc/avr32/4.4.3/../../../../avr32/lib/ucr3\libc.a(lib_a-impure.o)
 .debug_pubnames
                0x0000173c      0x171 c:/program files (x86)/atmel/atmel studio 6.0/extensions/atmel/avrgcc/3.4.0.65/avrtoolchain/bin/../lib/gcc/avr32/4.4.3/../../../../avr32/lib/ucr3\libc.a(lib_a-syscalls.o)
 .debug_pubnames
                0x000018ad       0x2a c:/program files (x86)/atmel/atmel studio 6.0/extensions/atmel/avrgcc/3.4.0.65/avrtoolchain/bin/../lib/gcc/avr32/4.4.3/../../../../avr32/lib/ucr3\libc.a(lib_a-__atexit.o)
 .debug_pubnames
                0x000018d7       0x27 c:/program files (x86)/atmel/atmel studio 6.0/extensions/atmel/avrgcc/3.4.0.65/avrtoolchain/bin/../lib/gcc/avr32/4.4.3/../../../../avr32/lib/ucr3\libc.a(lib_a-__call_atexit.o)
 .debug_pubnames
                0x000018fe       0x1e c:/program files (x86)/atmel/atmel studio 6.0/extensions/atmel/avrgcc/3.4.0.65/avrtoolchain/bin/../lib/gcc/avr32/4.4.3/../../../../avr32/lib/ucr3\libc.a(lib_a-errno.o)
 .debug_pubnames
                0x0000191c      0x119 c:/program files (x86)/atmel/atmel studio 6.0/extensions/atmel/avrgcc/3.4.0.65/avrtoolchain/bin/../lib/gcc/avr32/4.4.3/../../../../avr32/lib/ucr3\libc.a(lib_a-findfp.o)
 .debug_pubnames
                0x00001a35       0x26 c:/program files (x86)/atmel/atmel studio 6.0/extensions/atmel/avrgcc/3.4.0.65/avrtoolchain/bin/../lib/gcc/avr32/4.4.3/../../../../avr32/lib/ucr3\libc.a(lib_a-malloc.o)
 .debug_pubnames
                0x00001a5b       0xce c:/program files (x86)/atmel/atmel studio 6.0/extensions/atmel/avrgcc/3.4.0.65/avrtoolchain/bin/../lib/gcc/avr32/4.4.3/../../../../avr32/lib/ucr3\libc.a(lib_a-mallocr.o)
 .debug_pubnames
                0x00001b29       0x38 c:/program files (x86)/atmel/atmel studio 6.0/extensions/atmel/avrgcc/3.4.0.65/avrtoolchain/bin/../lib/gcc/avr32/4.4.3/../../../../avr32/lib/ucr3\libc.a(lib_a-mlock.o)
 .debug_pubnames
                0x00001b61       0x52 c:/program files (x86)/atmel/atmel studio 6.0/extensions/atmel/avrgcc/3.4.0.65/avrtoolchain/bin/../lib/gcc/avr32/4.4.3/../../../../avr32/lib/ucr3\libc.a(lib_a-reent.o)
 .debug_pubnames
                0x00001bb3       0x1e c:/program files (x86)/atmel/atmel studio 6.0/extensions/atmel/avrgcc/3.4.0.65/avrtoolchain/bin/../lib/gcc/avr32/4.4.3/../../../../avr32/lib/ucr3\libc.a(lib_a-sbrkr.o)
 .debug_pubnames
                0x00001bd1       0x31 c:/program files (x86)/atmel/atmel studio 6.0/extensions/atmel/avrgcc/3.4.0.65/avrtoolchain/bin/../lib/gcc/avr32/4.4.3/../../../../avr32/lib/ucr3\libc.a(lib_a-freer.o)

.debug_info     0x00000000    0x1742b
 *(.debug_info .gnu.linkonce.wi.*)
 .debug_info    0x00000000       0xa8 src/app/init_gpio/init_gpio.o
 .debug_info    0x000000a8      0x263 src/app/init_mcu/init_mcu.o
 .debug_info    0x0000030b     0x215b src/app/init_usart/init_usart.o
 .debug_info    0x00002466     0x1df2 src/asf/avr32/drivers/flashcdw/flashcdw.o
 .debug_info    0x00004258      0xf06 src/asf/avr32/drivers/gpio/gpio.o
 .debug_info    0x0000515e      0xff5 src/asf/avr32/drivers/pm/pm_uc3l.o
 .debug_info    0x00006153      0x480 src/asf/avr32/drivers/pm/power_clocks_lib.o
 .debug_info    0x000065d3     0x2fca src/asf/avr32/drivers/scif/scif_uc3l.o
 .debug_info    0x0000959d     0x2c07 src/asf/avr32/drivers/usart/usart.o
 .debug_info    0x0000c1a4      0x6b8 src/lib/str/str.o
 .debug_info    0x0000c85c      0x145 src/lib/utest/test/test_utest.o
 .debug_info    0x0000c9a1     0x2580 src/lib/utest/utest.o
 .debug_info    0x0000ef21       0xbf src/main.o
 .debug_info    0x0000efe0      0x573 c:/program files (x86)/atmel/atmel studio 6.0/extensions/atmel/avrgcc/3.4.0.65/avrtoolchain/bin/../lib/gcc/avr32/4.4.3/ucr3\libgcc.a(_udivdi3.o)
 .debug_info    0x0000f553       0xc5 c:/program files (x86)/atmel/atmel studio 6.0/extensions/atmel/avrgcc/3.4.0.65/avrtoolchain/bin/../lib/gcc/avr32/4.4.3/../../../../avr32/lib/ucr3\libc.a(lib_a-atexit.o)
 .debug_info    0x0000f618      0x8b7 c:/program files (x86)/atmel/atmel studio 6.0/extensions/atmel/avrgcc/3.4.0.65/avrtoolchain/bin/../lib/gcc/avr32/4.4.3/../../../../avr32/lib/ucr3\libc.a(lib_a-exit.o)
 .debug_info    0x0000fecf      0x960 c:/program files (x86)/atmel/atmel studio 6.0/extensions/atmel/avrgcc/3.4.0.65/avrtoolchain/bin/../lib/gcc/avr32/4.4.3/../../../../avr32/lib/ucr3\libc.a(lib_a-impure.o)
 .debug_info    0x0001082f      0x93a c:/program files (x86)/atmel/atmel studio 6.0/extensions/atmel/avrgcc/3.4.0.65/avrtoolchain/bin/../lib/gcc/avr32/4.4.3/../../../../avr32/lib/ucr3\libc.a(lib_a-syscalls.o)
 .debug_info    0x00011169      0x92c c:/program files (x86)/atmel/atmel studio 6.0/extensions/atmel/avrgcc/3.4.0.65/avrtoolchain/bin/../lib/gcc/avr32/4.4.3/../../../../avr32/lib/ucr3\libc.a(lib_a-__atexit.o)
 .debug_info    0x00011a95      0x931 c:/program files (x86)/atmel/atmel studio 6.0/extensions/atmel/avrgcc/3.4.0.65/avrtoolchain/bin/../lib/gcc/avr32/4.4.3/../../../../avr32/lib/ucr3\libc.a(lib_a-__call_atexit.o)
 .debug_info    0x000123c6      0x8a6 c:/program files (x86)/atmel/atmel studio 6.0/extensions/atmel/avrgcc/3.4.0.65/avrtoolchain/bin/../lib/gcc/avr32/4.4.3/../../../../avr32/lib/ucr3\libc.a(lib_a-errno.o)
 .debug_info    0x00012c6c      0xc2a c:/program files (x86)/atmel/atmel studio 6.0/extensions/atmel/avrgcc/3.4.0.65/avrtoolchain/bin/../lib/gcc/avr32/4.4.3/../../../../avr32/lib/ucr3\libc.a(lib_a-findfp.o)
 .debug_info    0x00013896      0x8ea c:/program files (x86)/atmel/atmel studio 6.0/extensions/atmel/avrgcc/3.4.0.65/avrtoolchain/bin/../lib/gcc/avr32/4.4.3/../../../../avr32/lib/ucr3\libc.a(lib_a-malloc.o)
 .debug_info    0x00014180      0xc4e c:/program files (x86)/atmel/atmel studio 6.0/extensions/atmel/avrgcc/3.4.0.65/avrtoolchain/bin/../lib/gcc/avr32/4.4.3/../../../../avr32/lib/ucr3\libc.a(lib_a-mallocr.o)
 .debug_info    0x00014dce      0x8cf c:/program files (x86)/atmel/atmel studio 6.0/extensions/atmel/avrgcc/3.4.0.65/avrtoolchain/bin/../lib/gcc/avr32/4.4.3/../../../../avr32/lib/ucr3\libc.a(lib_a-mlock.o)
 .debug_info    0x0001569d      0x973 c:/program files (x86)/atmel/atmel studio 6.0/extensions/atmel/avrgcc/3.4.0.65/avrtoolchain/bin/../lib/gcc/avr32/4.4.3/../../../../avr32/lib/ucr3\libc.a(lib_a-reent.o)
 .debug_info    0x00016010      0x8de c:/program files (x86)/atmel/atmel studio 6.0/extensions/atmel/avrgcc/3.4.0.65/avrtoolchain/bin/../lib/gcc/avr32/4.4.3/../../../../avr32/lib/ucr3\libc.a(lib_a-sbrkr.o)
 .debug_info    0x000168ee      0xb3d c:/program files (x86)/atmel/atmel studio 6.0/extensions/atmel/avrgcc/3.4.0.65/avrtoolchain/bin/../lib/gcc/avr32/4.4.3/../../../../avr32/lib/ucr3\libc.a(lib_a-freer.o)

.debug_abbrev   0x00000000     0x29cd
 *(.debug_abbrev)
 .debug_abbrev  0x00000000       0x4c src/app/init_gpio/init_gpio.o
 .debug_abbrev  0x0000004c       0xa1 src/app/init_mcu/init_mcu.o
 .debug_abbrev  0x000000ed      0x12e src/app/init_usart/init_usart.o
 .debug_abbrev  0x0000021b      0x285 src/asf/avr32/drivers/flashcdw/flashcdw.o
 .debug_abbrev  0x000004a0      0x241 src/asf/avr32/drivers/gpio/gpio.o
 .debug_abbrev  0x000006e1      0x1d3 src/asf/avr32/drivers/pm/pm_uc3l.o
 .debug_abbrev  0x000008b4      0x139 src/asf/avr32/drivers/pm/power_clocks_lib.o
 .debug_abbrev  0x000009ed      0x25b src/asf/avr32/drivers/scif/scif_uc3l.o
 .debug_abbrev  0x00000c48      0x27d src/asf/avr32/drivers/usart/usart.o
 .debug_abbrev  0x00000ec5      0x10c src/lib/str/str.o
 .debug_abbrev  0x00000fd1       0x5b src/lib/utest/test/test_utest.o
 .debug_abbrev  0x0000102c      0x1b4 src/lib/utest/utest.o
 .debug_abbrev  0x000011e0       0x5f src/main.o
 .debug_abbrev  0x0000123f      0x151 c:/program files (x86)/atmel/atmel studio 6.0/extensions/atmel/avrgcc/3.4.0.65/avrtoolchain/bin/../lib/gcc/avr32/4.4.3/ucr3\libgcc.a(_udivdi3.o)
 .debug_abbrev  0x00001390       0x81 c:/program files (x86)/atmel/atmel studio 6.0/extensions/atmel/avrgcc/3.4.0.65/avrtoolchain/bin/../lib/gcc/avr32/4.4.3/../../../../avr32/lib/ucr3\libc.a(lib_a-atexit.o)
 .debug_abbrev  0x00001411      0x15f c:/program files (x86)/atmel/atmel studio 6.0/extensions/atmel/avrgcc/3.4.0.65/avrtoolchain/bin/../lib/gcc/avr32/4.4.3/../../../../avr32/lib/ucr3\libc.a(lib_a-exit.o)
 .debug_abbrev  0x00001570      0x160 c:/program files (x86)/atmel/atmel studio 6.0/extensions/atmel/avrgcc/3.4.0.65/avrtoolchain/bin/../lib/gcc/avr32/4.4.3/../../../../avr32/lib/ucr3\libc.a(lib_a-impure.o)
 .debug_abbrev  0x000016d0      0x19a c:/program files (x86)/atmel/atmel studio 6.0/extensions/atmel/avrgcc/3.4.0.65/avrtoolchain/bin/../lib/gcc/avr32/4.4.3/../../../../avr32/lib/ucr3\libc.a(lib_a-syscalls.o)
 .debug_abbrev  0x0000186a      0x1b5 c:/program files (x86)/atmel/atmel studio 6.0/extensions/atmel/avrgcc/3.4.0.65/avrtoolchain/bin/../lib/gcc/avr32/4.4.3/../../../../avr32/lib/ucr3\libc.a(lib_a-__atexit.o)
 .debug_abbrev  0x00001a1f      0x1bc c:/program files (x86)/atmel/atmel studio 6.0/extensions/atmel/avrgcc/3.4.0.65/avrtoolchain/bin/../lib/gcc/avr32/4.4.3/../../../../avr32/lib/ucr3\libc.a(lib_a-__call_atexit.o)
 .debug_abbrev  0x00001bdb      0x150 c:/program files (x86)/atmel/atmel studio 6.0/extensions/atmel/avrgcc/3.4.0.65/avrtoolchain/bin/../lib/gcc/avr32/4.4.3/../../../../avr32/lib/ucr3\libc.a(lib_a-errno.o)
 .debug_abbrev  0x00001d2b      0x28c c:/program files (x86)/atmel/atmel studio 6.0/extensions/atmel/avrgcc/3.4.0.65/avrtoolchain/bin/../lib/gcc/avr32/4.4.3/../../../../avr32/lib/ucr3\libc.a(lib_a-findfp.o)
 .debug_abbrev  0x00001fb7      0x178 c:/program files (x86)/atmel/atmel studio 6.0/extensions/atmel/avrgcc/3.4.0.65/avrtoolchain/bin/../lib/gcc/avr32/4.4.3/../../../../avr32/lib/ucr3\libc.a(lib_a-malloc.o)
 .debug_abbrev  0x0000212f      0x205 c:/program files (x86)/atmel/atmel studio 6.0/extensions/atmel/avrgcc/3.4.0.65/avrtoolchain/bin/../lib/gcc/avr32/4.4.3/../../../../avr32/lib/ucr3\libc.a(lib_a-mallocr.o)
 .debug_abbrev  0x00002334      0x15b c:/program files (x86)/atmel/atmel studio 6.0/extensions/atmel/avrgcc/3.4.0.65/avrtoolchain/bin/../lib/gcc/avr32/4.4.3/../../../../avr32/lib/ucr3\libc.a(lib_a-mlock.o)
 .debug_abbrev  0x0000248f      0x1e6 c:/program files (x86)/atmel/atmel studio 6.0/extensions/atmel/avrgcc/3.4.0.65/avrtoolchain/bin/../lib/gcc/avr32/4.4.3/../../../../avr32/lib/ucr3\libc.a(lib_a-reent.o)
 .debug_abbrev  0x00002675      0x17f c:/program files (x86)/atmel/atmel studio 6.0/extensions/atmel/avrgcc/3.4.0.65/avrtoolchain/bin/../lib/gcc/avr32/4.4.3/../../../../avr32/lib/ucr3\libc.a(lib_a-sbrkr.o)
 .debug_abbrev  0x000027f4      0x1d9 c:/program files (x86)/atmel/atmel studio 6.0/extensions/atmel/avrgcc/3.4.0.65/avrtoolchain/bin/../lib/gcc/avr32/4.4.3/../../../../avr32/lib/ucr3\libc.a(lib_a-freer.o)

.debug_line     0x00000000     0xa010
 *(.debug_line)
 .debug_line    0x00000000      0x852 src/app/init_gpio/init_gpio.o
 .debug_line    0x00000852      0x85e src/app/init_mcu/init_mcu.o
 .debug_line    0x000010b0      0x864 src/app/init_usart/init_usart.o
 .debug_line    0x00001914      0xd16 src/asf/avr32/drivers/flashcdw/flashcdw.o
 .debug_line    0x0000262a      0x9a6 src/asf/avr32/drivers/gpio/gpio.o
 .debug_line    0x00002fd0      0x799 src/asf/avr32/drivers/pm/pm_uc3l.o
 .debug_line    0x00003769      0x7d7 src/asf/avr32/drivers/pm/power_clocks_lib.o
 .debug_line    0x00003f40      0x9ad src/asf/avr32/drivers/scif/scif_uc3l.o
 .debug_line    0x000048ed      0xa53 src/asf/avr32/drivers/usart/usart.o
 .debug_line    0x00005340      0x9e1 src/lib/str/str.o
 .debug_line    0x00005d21      0x8ea src/lib/utest/test/test_utest.o
 .debug_line    0x0000660b      0x9c2 src/lib/utest/utest.o
 .debug_line    0x00006fcd      0x8cd src/main.o
 .debug_line    0x0000789a      0x1e5 c:/program files (x86)/atmel/atmel studio 6.0/extensions/atmel/avrgcc/3.4.0.65/avrtoolchain/bin/../lib/gcc/avr32/4.4.3/ucr3\libgcc.a(_udivdi3.o)
 .debug_line    0x00007a7f       0xfc c:/program files (x86)/atmel/atmel studio 6.0/extensions/atmel/avrgcc/3.4.0.65/avrtoolchain/bin/../lib/gcc/avr32/4.4.3/../../../../avr32/lib/ucr3\libc.a(lib_a-atexit.o)
 .debug_line    0x00007b7b      0x1f5 c:/program files (x86)/atmel/atmel studio 6.0/extensions/atmel/avrgcc/3.4.0.65/avrtoolchain/bin/../lib/gcc/avr32/4.4.3/../../../../avr32/lib/ucr3\libc.a(lib_a-exit.o)
 .debug_line    0x00007d70      0x166 c:/program files (x86)/atmel/atmel studio 6.0/extensions/atmel/avrgcc/3.4.0.65/avrtoolchain/bin/../lib/gcc/avr32/4.4.3/../../../../avr32/lib/ucr3\libc.a(lib_a-impure.o)
 .debug_line    0x00007ed6      0x562 c:/program files (x86)/atmel/atmel studio 6.0/extensions/atmel/avrgcc/3.4.0.65/avrtoolchain/bin/../lib/gcc/avr32/4.4.3/../../../../avr32/lib/ucr3\libc.a(lib_a-syscalls.o)
 .debug_line    0x00008438      0x221 c:/program files (x86)/atmel/atmel studio 6.0/extensions/atmel/avrgcc/3.4.0.65/avrtoolchain/bin/../lib/gcc/avr32/4.4.3/../../../../avr32/lib/ucr3\libc.a(lib_a-__atexit.o)
 .debug_line    0x00008659      0x264 c:/program files (x86)/atmel/atmel studio 6.0/extensions/atmel/avrgcc/3.4.0.65/avrtoolchain/bin/../lib/gcc/avr32/4.4.3/../../../../avr32/lib/ucr3\libc.a(lib_a-__call_atexit.o)
 .debug_line    0x000088bd      0x18c c:/program files (x86)/atmel/atmel studio 6.0/extensions/atmel/avrgcc/3.4.0.65/avrtoolchain/bin/../lib/gcc/avr32/4.4.3/../../../../avr32/lib/ucr3\libc.a(lib_a-errno.o)
 .debug_line    0x00008a49      0x555 c:/program files (x86)/atmel/atmel studio 6.0/extensions/atmel/avrgcc/3.4.0.65/avrtoolchain/bin/../lib/gcc/avr32/4.4.3/../../../../avr32/lib/ucr3\libc.a(lib_a-findfp.o)
 .debug_line    0x00008f9e      0x1fd c:/program files (x86)/atmel/atmel studio 6.0/extensions/atmel/avrgcc/3.4.0.65/avrtoolchain/bin/../lib/gcc/avr32/4.4.3/../../../../avr32/lib/ucr3\libc.a(lib_a-malloc.o)
 .debug_line    0x0000919b      0x52f c:/program files (x86)/atmel/atmel studio 6.0/extensions/atmel/avrgcc/3.4.0.65/avrtoolchain/bin/../lib/gcc/avr32/4.4.3/../../../../avr32/lib/ucr3\libc.a(lib_a-mallocr.o)
 .debug_line    0x000096ca      0x192 c:/program files (x86)/atmel/atmel studio 6.0/extensions/atmel/avrgcc/3.4.0.65/avrtoolchain/bin/../lib/gcc/avr32/4.4.3/../../../../avr32/lib/ucr3\libc.a(lib_a-mlock.o)
 .debug_line    0x0000985c      0x2aa c:/program files (x86)/atmel/atmel studio 6.0/extensions/atmel/avrgcc/3.4.0.65/avrtoolchain/bin/../lib/gcc/avr32/4.4.3/../../../../avr32/lib/ucr3\libc.a(lib_a-reent.o)
 .debug_line    0x00009b06      0x200 c:/program files (x86)/atmel/atmel studio 6.0/extensions/atmel/avrgcc/3.4.0.65/avrtoolchain/bin/../lib/gcc/avr32/4.4.3/../../../../avr32/lib/ucr3\libc.a(lib_a-sbrkr.o)
 .debug_line    0x00009d06      0x30a c:/program files (x86)/atmel/atmel studio 6.0/extensions/atmel/avrgcc/3.4.0.65/avrtoolchain/bin/../lib/gcc/avr32/4.4.3/../../../../avr32/lib/ucr3\libc.a(lib_a-freer.o)

.debug_frame    0x00000000     0x20a0
 *(.debug_frame)
 .debug_frame   0x00000000       0x4c c:/program files (x86)/atmel/atmel studio 6.0/extensions/atmel/avrgcc/3.4.0.65/avrtoolchain/bin/../lib/gcc/avr32/4.4.3/ucr3/crtbegin.o
 .debug_frame   0x0000004c       0x2c src/app/init_gpio/init_gpio.o
 .debug_frame   0x00000078       0x2c src/app/init_mcu/init_mcu.o
 .debug_frame   0x000000a4       0x2c src/app/init_usart/init_usart.o
 .debug_frame   0x000000d0      0x860 src/asf/avr32/drivers/flashcdw/flashcdw.o
 .debug_frame   0x00000930      0x374 src/asf/avr32/drivers/gpio/gpio.o
 .debug_frame   0x00000ca4      0x128 src/asf/avr32/drivers/pm/pm_uc3l.o
 .debug_frame   0x00000dcc      0x10c src/asf/avr32/drivers/pm/power_clocks_lib.o
 .debug_frame   0x00000ed8      0x2f4 src/asf/avr32/drivers/scif/scif_uc3l.o
 .debug_frame   0x000011cc      0x358 src/asf/avr32/drivers/usart/usart.o
 .debug_frame   0x00001524      0x1d0 src/lib/str/str.o
 .debug_frame   0x000016f4       0xf0 src/lib/utest/test/test_utest.o
 .debug_frame   0x000017e4      0x1ec src/lib/utest/utest.o
 .debug_frame   0x000019d0       0x48 src/main.o
 .debug_frame   0x00001a18       0x44 c:/program files (x86)/atmel/atmel studio 6.0/extensions/atmel/avrgcc/3.4.0.65/avrtoolchain/bin/../lib/gcc/avr32/4.4.3/ucr3\libgcc.a(_udivdi3.o)
 .debug_frame   0x00001a5c       0x28 c:/program files (x86)/atmel/atmel studio 6.0/extensions/atmel/avrgcc/3.4.0.65/avrtoolchain/bin/../lib/gcc/avr32/4.4.3/../../../../avr32/lib/ucr3\libc.a(lib_a-atexit.o)
 .debug_frame   0x00001a84       0x34 c:/program files (x86)/atmel/atmel studio 6.0/extensions/atmel/avrgcc/3.4.0.65/avrtoolchain/bin/../lib/gcc/avr32/4.4.3/../../../../avr32/lib/ucr3\libc.a(lib_a-exit.o)
 .debug_frame   0x00001ab8      0x220 c:/program files (x86)/atmel/atmel studio 6.0/extensions/atmel/avrgcc/3.4.0.65/avrtoolchain/bin/../lib/gcc/avr32/4.4.3/../../../../avr32/lib/ucr3\libc.a(lib_a-syscalls.o)
 .debug_frame   0x00001cd8       0x40 c:/program files (x86)/atmel/atmel studio 6.0/extensions/atmel/avrgcc/3.4.0.65/avrtoolchain/bin/../lib/gcc/avr32/4.4.3/../../../../avr32/lib/ucr3\libc.a(lib_a-__atexit.o)
 .debug_frame   0x00001d18       0x44 c:/program files (x86)/atmel/atmel studio 6.0/extensions/atmel/avrgcc/3.4.0.65/avrtoolchain/bin/../lib/gcc/avr32/4.4.3/../../../../avr32/lib/ucr3\libc.a(lib_a-__call_atexit.o)
 .debug_frame   0x00001d5c       0x20 c:/program files (x86)/atmel/atmel studio 6.0/extensions/atmel/avrgcc/3.4.0.65/avrtoolchain/bin/../lib/gcc/avr32/4.4.3/../../../../avr32/lib/ucr3\libc.a(lib_a-errno.o)
 .debug_frame   0x00001d7c      0x13c c:/program files (x86)/atmel/atmel studio 6.0/extensions/atmel/avrgcc/3.4.0.65/avrtoolchain/bin/../lib/gcc/avr32/4.4.3/../../../../avr32/lib/ucr3\libc.a(lib_a-findfp.o)
 .debug_frame   0x00001eb8       0x40 c:/program files (x86)/atmel/atmel studio 6.0/extensions/atmel/avrgcc/3.4.0.65/avrtoolchain/bin/../lib/gcc/avr32/4.4.3/../../../../avr32/lib/ucr3\libc.a(lib_a-malloc.o)
 .debug_frame   0x00001ef8       0x40 c:/program files (x86)/atmel/atmel studio 6.0/extensions/atmel/avrgcc/3.4.0.65/avrtoolchain/bin/../lib/gcc/avr32/4.4.3/../../../../avr32/lib/ucr3\libc.a(lib_a-mallocr.o)
 .debug_frame   0x00001f38       0x30 c:/program files (x86)/atmel/atmel studio 6.0/extensions/atmel/avrgcc/3.4.0.65/avrtoolchain/bin/../lib/gcc/avr32/4.4.3/../../../../avr32/lib/ucr3\libc.a(lib_a-mlock.o)
 .debug_frame   0x00001f68       0x80 c:/program files (x86)/atmel/atmel studio 6.0/extensions/atmel/avrgcc/3.4.0.65/avrtoolchain/bin/../lib/gcc/avr32/4.4.3/../../../../avr32/lib/ucr3\libc.a(lib_a-reent.o)
 .debug_frame   0x00001fe8       0x34 c:/program files (x86)/atmel/atmel studio 6.0/extensions/atmel/avrgcc/3.4.0.65/avrtoolchain/bin/../lib/gcc/avr32/4.4.3/../../../../avr32/lib/ucr3\libc.a(lib_a-sbrkr.o)
 .debug_frame   0x0000201c       0x58 c:/program files (x86)/atmel/atmel studio 6.0/extensions/atmel/avrgcc/3.4.0.65/avrtoolchain/bin/../lib/gcc/avr32/4.4.3/../../../../avr32/lib/ucr3\libc.a(lib_a-freer.o)
 .debug_frame   0x00002074       0x2c c:/program files (x86)/atmel/atmel studio 6.0/extensions/atmel/avrgcc/3.4.0.65/avrtoolchain/bin/../lib/gcc/avr32/4.4.3/ucr3/crtend.o

.debug_str      0x00000000     0x4966
 *(.debug_str)
 .debug_str     0x00000000       0xd9 src/app/init_gpio/init_gpio.o
                                0x11f (size before relaxing)
 .debug_str     0x000000d9      0x290 src/app/init_mcu/init_mcu.o
                                0x396 (size before relaxing)
 .debug_str     0x00000369      0x599 src/app/init_usart/init_usart.o
                                0x6c6 (size before relaxing)
 .debug_str     0x00000902      0xcb7 src/asf/avr32/drivers/flashcdw/flashcdw.o
                                0xe73 (size before relaxing)
 .debug_str     0x000015b9      0x550 src/asf/avr32/drivers/gpio/gpio.o
                                0x6b3 (size before relaxing)
 .debug_str     0x00001b09      0x5d4 src/asf/avr32/drivers/pm/pm_uc3l.o
                                0x760 (size before relaxing)
 .debug_str     0x000020dd      0x184 src/asf/avr32/drivers/pm/power_clocks_lib.o
                                0x53d (size before relaxing)
 .debug_str     0x00002261      0xc74 src/asf/avr32/drivers/scif/scif_uc3l.o
                               0x12c3 (size before relaxing)
 .debug_str     0x00002ed5      0x399 src/asf/avr32/drivers/usart/usart.o
                                0xa89 (size before relaxing)
 .debug_str     0x0000326e      0x430 src/lib/str/str.o
                                0x562 (size before relaxing)
 .debug_str     0x0000369e      0x127 src/lib/utest/test/test_utest.o
                                0x21b (size before relaxing)
 .debug_str     0x000037c5      0x1f4 src/lib/utest/utest.o
                                0x9e3 (size before relaxing)
 .debug_str     0x000039b9        0xe src/main.o
                                0x113 (size before relaxing)
 .debug_str     0x000039c7      0x126 c:/program files (x86)/atmel/atmel studio 6.0/extensions/atmel/avrgcc/3.4.0.65/avrtoolchain/bin/../lib/gcc/avr32/4.4.3/ucr3\libgcc.a(_udivdi3.o)
                                0x1db (size before relaxing)
 .debug_str     0x00003aed       0x88 c:/program files (x86)/atmel/atmel studio 6.0/extensions/atmel/avrgcc/3.4.0.65/avrtoolchain/bin/../lib/gcc/avr32/4.4.3/../../../../avr32/lib/ucr3\libc.a(lib_a-atexit.o)
                                0x124 (size before relaxing)
 .debug_str     0x00003b75      0x388 c:/program files (x86)/atmel/atmel studio 6.0/extensions/atmel/avrgcc/3.4.0.65/avrtoolchain/bin/../lib/gcc/avr32/4.4.3/../../../../avr32/lib/ucr3\libc.a(lib_a-exit.o)
                                0x49e (size before relaxing)
 .debug_str     0x00003efd       0xa2 c:/program files (x86)/atmel/atmel studio 6.0/extensions/atmel/avrgcc/3.4.0.65/avrtoolchain/bin/../lib/gcc/avr32/4.4.3/../../../../avr32/lib/ucr3\libc.a(lib_a-impure.o)
                                0x4ec (size before relaxing)
 .debug_str     0x00003f9f      0x30d c:/program files (x86)/atmel/atmel studio 6.0/extensions/atmel/avrgcc/3.4.0.65/avrtoolchain/bin/../lib/gcc/avr32/4.4.3/../../../../avr32/lib/ucr3\libc.a(lib_a-syscalls.o)
                                0x427 (size before relaxing)
 .debug_str     0x000042ac       0x6e c:/program files (x86)/atmel/atmel studio 6.0/extensions/atmel/avrgcc/3.4.0.65/avrtoolchain/bin/../lib/gcc/avr32/4.4.3/../../../../avr32/lib/ucr3\libc.a(lib_a-__atexit.o)
                                0x4eb (size before relaxing)
 .debug_str     0x0000431a       0x7e c:/program files (x86)/atmel/atmel studio 6.0/extensions/atmel/avrgcc/3.4.0.65/avrtoolchain/bin/../lib/gcc/avr32/4.4.3/../../../../avr32/lib/ucr3\libc.a(lib_a-__call_atexit.o)
                                0x4c6 (size before relaxing)
 .debug_str     0x00004398       0x5e c:/program files (x86)/atmel/atmel studio 6.0/extensions/atmel/avrgcc/3.4.0.65/avrtoolchain/bin/../lib/gcc/avr32/4.4.3/../../../../avr32/lib/ucr3\libc.a(lib_a-errno.o)
                                0x495 (size before relaxing)
 .debug_str     0x000043f6      0x11f c:/program files (x86)/atmel/atmel studio 6.0/extensions/atmel/avrgcc/3.4.0.65/avrtoolchain/bin/../lib/gcc/avr32/4.4.3/../../../../avr32/lib/ucr3\libc.a(lib_a-findfp.o)
                                0x5c6 (size before relaxing)
 .debug_str     0x00004515       0x69 c:/program files (x86)/atmel/atmel studio 6.0/extensions/atmel/avrgcc/3.4.0.65/avrtoolchain/bin/../lib/gcc/avr32/4.4.3/../../../../avr32/lib/ucr3\libc.a(lib_a-malloc.o)
                                0x4ae (size before relaxing)
 .debug_str     0x0000457e      0x225 c:/program files (x86)/atmel/atmel studio 6.0/extensions/atmel/avrgcc/3.4.0.65/avrtoolchain/bin/../lib/gcc/avr32/4.4.3/../../../../avr32/lib/ucr3\libc.a(lib_a-mallocr.o)
                                0x683 (size before relaxing)
 .debug_str     0x000047a3       0x8a c:/program files (x86)/atmel/atmel studio 6.0/extensions/atmel/avrgcc/3.4.0.65/avrtoolchain/bin/../lib/gcc/avr32/4.4.3/../../../../avr32/lib/ucr3\libc.a(lib_a-mlock.o)
                                0x4b5 (size before relaxing)
 .debug_str     0x0000482d       0x90 c:/program files (x86)/atmel/atmel studio 6.0/extensions/atmel/avrgcc/3.4.0.65/avrtoolchain/bin/../lib/gcc/avr32/4.4.3/../../../../avr32/lib/ucr3\libc.a(lib_a-reent.o)
                                0x4d2 (size before relaxing)
 .debug_str     0x000048bd       0x6d c:/program files (x86)/atmel/atmel studio 6.0/extensions/atmel/avrgcc/3.4.0.65/avrtoolchain/bin/../lib/gcc/avr32/4.4.3/../../../../avr32/lib/ucr3\libc.a(lib_a-sbrkr.o)
                                0x49e (size before relaxing)
 .debug_str     0x0000492a       0x3c c:/program files (x86)/atmel/atmel studio 6.0/extensions/atmel/avrgcc/3.4.0.65/avrtoolchain/bin/../lib/gcc/avr32/4.4.3/../../../../avr32/lib/ucr3\libc.a(lib_a-freer.o)
                                0x5d5 (size before relaxing)

.debug_loc      0x00000000     0x3e50
 *(.debug_loc)
 .debug_loc     0x00000000       0x2b src/app/init_gpio/init_gpio.o
 .debug_loc     0x0000002b       0x2b src/app/init_mcu/init_mcu.o
 .debug_loc     0x00000056       0x2b src/app/init_usart/init_usart.o
 .debug_loc     0x00000081      0xc43 src/asf/avr32/drivers/flashcdw/flashcdw.o
 .debug_loc     0x00000cc4      0x535 src/asf/avr32/drivers/gpio/gpio.o
 .debug_loc     0x000011f9      0x1ae src/asf/avr32/drivers/pm/pm_uc3l.o
 .debug_loc     0x000013a7      0x183 src/asf/avr32/drivers/pm/power_clocks_lib.o
 .debug_loc     0x0000152a      0x45e src/asf/avr32/drivers/scif/scif_uc3l.o
 .debug_loc     0x00001988      0x50a src/asf/avr32/drivers/usart/usart.o
 .debug_loc     0x00001e92      0x2b0 src/lib/str/str.o
 .debug_loc     0x00002142      0x158 src/lib/utest/test/test_utest.o
 .debug_loc     0x0000229a      0x2db src/lib/utest/utest.o
 .debug_loc     0x00002575       0x56 src/main.o
 .debug_loc     0x000025cb      0x6d9 c:/program files (x86)/atmel/atmel studio 6.0/extensions/atmel/avrgcc/3.4.0.65/avrtoolchain/bin/../lib/gcc/avr32/4.4.3/ucr3\libgcc.a(_udivdi3.o)
 .debug_loc     0x00002ca4       0x32 c:/program files (x86)/atmel/atmel studio 6.0/extensions/atmel/avrgcc/3.4.0.65/avrtoolchain/bin/../lib/gcc/avr32/4.4.3/../../../../avr32/lib/ucr3\libc.a(lib_a-atexit.o)
 .debug_loc     0x00002cd6       0x3d c:/program files (x86)/atmel/atmel studio 6.0/extensions/atmel/avrgcc/3.4.0.65/avrtoolchain/bin/../lib/gcc/avr32/4.4.3/../../../../avr32/lib/ucr3\libc.a(lib_a-exit.o)
 .debug_loc     0x00002d13      0x268 c:/program files (x86)/atmel/atmel studio 6.0/extensions/atmel/avrgcc/3.4.0.65/avrtoolchain/bin/../lib/gcc/avr32/4.4.3/../../../../avr32/lib/ucr3\libc.a(lib_a-syscalls.o)
 .debug_loc     0x00002f7b       0xe9 c:/program files (x86)/atmel/atmel studio 6.0/extensions/atmel/avrgcc/3.4.0.65/avrtoolchain/bin/../lib/gcc/avr32/4.4.3/../../../../avr32/lib/ucr3\libc.a(lib_a-__atexit.o)
 .debug_loc     0x00003064       0xf0 c:/program files (x86)/atmel/atmel studio 6.0/extensions/atmel/avrgcc/3.4.0.65/avrtoolchain/bin/../lib/gcc/avr32/4.4.3/../../../../avr32/lib/ucr3\libc.a(lib_a-__call_atexit.o)
 .debug_loc     0x00003154      0x202 c:/program files (x86)/atmel/atmel studio 6.0/extensions/atmel/avrgcc/3.4.0.65/avrtoolchain/bin/../lib/gcc/avr32/4.4.3/../../../../avr32/lib/ucr3\libc.a(lib_a-findfp.o)
 .debug_loc     0x00003356       0x64 c:/program files (x86)/atmel/atmel studio 6.0/extensions/atmel/avrgcc/3.4.0.65/avrtoolchain/bin/../lib/gcc/avr32/4.4.3/../../../../avr32/lib/ucr3\libc.a(lib_a-malloc.o)
 .debug_loc     0x000033ba      0x5a5 c:/program files (x86)/atmel/atmel studio 6.0/extensions/atmel/avrgcc/3.4.0.65/avrtoolchain/bin/../lib/gcc/avr32/4.4.3/../../../../avr32/lib/ucr3\libc.a(lib_a-mallocr.o)
 .debug_loc     0x0000395f      0x10a c:/program files (x86)/atmel/atmel studio 6.0/extensions/atmel/avrgcc/3.4.0.65/avrtoolchain/bin/../lib/gcc/avr32/4.4.3/../../../../avr32/lib/ucr3\libc.a(lib_a-reent.o)
 .debug_loc     0x00003a69       0x63 c:/program files (x86)/atmel/atmel studio 6.0/extensions/atmel/avrgcc/3.4.0.65/avrtoolchain/bin/../lib/gcc/avr32/4.4.3/../../../../avr32/lib/ucr3\libc.a(lib_a-sbrkr.o)
 .debug_loc     0x00003acc      0x384 c:/program files (x86)/atmel/atmel studio 6.0/extensions/atmel/avrgcc/3.4.0.65/avrtoolchain/bin/../lib/gcc/avr32/4.4.3/../../../../avr32/lib/ucr3\libc.a(lib_a-freer.o)

.debug_macinfo  0x00000000   0x8b27d1
 *(.debug_macinfo)
 .debug_macinfo
                0x00000000    0xabe04 src/app/init_gpio/init_gpio.o
 .debug_macinfo
                0x000abe04    0xabd48 src/app/init_mcu/init_mcu.o
 .debug_macinfo
                0x00157b4c    0xabd4a src/app/init_usart/init_usart.o
 .debug_macinfo
                0x00203896    0xaa6eb src/asf/avr32/drivers/flashcdw/flashcdw.o
 .debug_macinfo
                0x002adf81    0xaa824 src/asf/avr32/drivers/gpio/gpio.o
 .debug_macinfo
                0x003587a5    0xaa697 src/asf/avr32/drivers/pm/pm_uc3l.o
 .debug_macinfo
                0x00402e3c    0xaad52 src/asf/avr32/drivers/pm/power_clocks_lib.o
 .debug_macinfo
                0x004adb8e    0xaab22 src/asf/avr32/drivers/scif/scif_uc3l.o
 .debug_macinfo
                0x005586b0    0xaa9b7 src/asf/avr32/drivers/usart/usart.o
 .debug_macinfo
                0x00603067    0xabdff src/lib/str/str.o
 .debug_macinfo
                0x006aee66    0xabd31 src/lib/utest/test/test_utest.o
 .debug_macinfo
                0x0075ab97    0xabdff src/lib/utest/utest.o
 .debug_macinfo
                0x00806996    0xabe3b src/main.o

.debug_weaknames
 *(.debug_weaknames)

.debug_funcnames
 *(.debug_funcnames)

.debug_typenames
 *(.debug_typenames)

.debug_varnames
 *(.debug_varnames)

.stack          0x00003000     0x1000
                0x00003000                _stack = .
 *(.stack)
                0x00001000                . = _stack_size
 *fill*         0x00003000     0x1000 00
                0x00004000                _estack = .

.userpage
 *(.userpage .userpage.*)

.factorypage
 *(.factorypage .factorypage.*)

.flashvault_flash_size
 *(.flashvault_flash_size .flashvault_flash_size.*)

.flashvault_ram_size
 *(.flashvault_ram_size .flashvault_ram_size.*)

/DISCARD/
 *(.note.GNU-stack)
OUTPUT(Firmware.elf elf32-avr32)

.debug_ranges   0x00000000      0xb78
 .debug_ranges  0x00000000       0x18 src/app/init_gpio/init_gpio.o
 .debug_ranges  0x00000018       0x18 src/app/init_mcu/init_mcu.o
 .debug_ranges  0x00000030       0x18 src/app/init_usart/init_usart.o
 .debug_ranges  0x00000048      0x258 src/asf/avr32/drivers/flashcdw/flashcdw.o
 .debug_ranges  0x000002a0      0x108 src/asf/avr32/drivers/gpio/gpio.o
 .debug_ranges  0x000003a8       0x60 src/asf/avr32/drivers/pm/pm_uc3l.o
 .debug_ranges  0x00000408       0x58 src/asf/avr32/drivers/pm/power_clocks_lib.o
 .debug_ranges  0x00000460       0xe0 src/asf/avr32/drivers/scif/scif_uc3l.o
 .debug_ranges  0x00000540      0x100 src/asf/avr32/drivers/usart/usart.o
 .debug_ranges  0x00000640       0x90 src/lib/str/str.o
 .debug_ranges  0x000006d0       0x50 src/lib/utest/test/test_utest.o
 .debug_ranges  0x00000720       0x98 src/lib/utest/utest.o
 .debug_ranges  0x000007b8       0x20 src/main.o
 .debug_ranges  0x000007d8       0xd0 c:/program files (x86)/atmel/atmel studio 6.0/extensions/atmel/avrgcc/3.4.0.65/avrtoolchain/bin/../lib/gcc/avr32/4.4.3/ucr3\libgcc.a(_udivdi3.o)
 .debug_ranges  0x000008a8       0x18 c:/program files (x86)/atmel/atmel studio 6.0/extensions/atmel/avrgcc/3.4.0.65/avrtoolchain/bin/../lib/gcc/avr32/4.4.3/../../../../avr32/lib/ucr3\libc.a(lib_a-atexit.o)
 .debug_ranges  0x000008c0       0x18 c:/program files (x86)/atmel/atmel studio 6.0/extensions/atmel/avrgcc/3.4.0.65/avrtoolchain/bin/../lib/gcc/avr32/4.4.3/../../../../avr32/lib/ucr3\libc.a(lib_a-exit.o)
 .debug_ranges  0x000008d8       0xf0 c:/program files (x86)/atmel/atmel studio 6.0/extensions/atmel/avrgcc/3.4.0.65/avrtoolchain/bin/../lib/gcc/avr32/4.4.3/../../../../avr32/lib/ucr3\libc.a(lib_a-syscalls.o)
 .debug_ranges  0x000009c8       0x18 c:/program files (x86)/atmel/atmel studio 6.0/extensions/atmel/avrgcc/3.4.0.65/avrtoolchain/bin/../lib/gcc/avr32/4.4.3/../../../../avr32/lib/ucr3\libc.a(lib_a-__atexit.o)
 .debug_ranges  0x000009e0       0x18 c:/program files (x86)/atmel/atmel studio 6.0/extensions/atmel/avrgcc/3.4.0.65/avrtoolchain/bin/../lib/gcc/avr32/4.4.3/../../../../avr32/lib/ucr3\libc.a(lib_a-__call_atexit.o)
 .debug_ranges  0x000009f8       0x18 c:/program files (x86)/atmel/atmel studio 6.0/extensions/atmel/avrgcc/3.4.0.65/avrtoolchain/bin/../lib/gcc/avr32/4.4.3/../../../../avr32/lib/ucr3\libc.a(lib_a-errno.o)
 .debug_ranges  0x00000a10       0xb0 c:/program files (x86)/atmel/atmel studio 6.0/extensions/atmel/avrgcc/3.4.0.65/avrtoolchain/bin/../lib/gcc/avr32/4.4.3/../../../../avr32/lib/ucr3\libc.a(lib_a-findfp.o)
 .debug_ranges  0x00000ac0       0x20 c:/program files (x86)/atmel/atmel studio 6.0/extensions/atmel/avrgcc/3.4.0.65/avrtoolchain/bin/../lib/gcc/avr32/4.4.3/../../../../avr32/lib/ucr3\libc.a(lib_a-malloc.o)
 .debug_ranges  0x00000ae0       0x18 c:/program files (x86)/atmel/atmel studio 6.0/extensions/atmel/avrgcc/3.4.0.65/avrtoolchain/bin/../lib/gcc/avr32/4.4.3/../../../../avr32/lib/ucr3\libc.a(lib_a-mallocr.o)
 .debug_ranges  0x00000af8       0x20 c:/program files (x86)/atmel/atmel studio 6.0/extensions/atmel/avrgcc/3.4.0.65/avrtoolchain/bin/../lib/gcc/avr32/4.4.3/../../../../avr32/lib/ucr3\libc.a(lib_a-mlock.o)
 .debug_ranges  0x00000b18       0x28 c:/program files (x86)/atmel/atmel studio 6.0/extensions/atmel/avrgcc/3.4.0.65/avrtoolchain/bin/../lib/gcc/avr32/4.4.3/../../../../avr32/lib/ucr3\libc.a(lib_a-reent.o)
 .debug_ranges  0x00000b40       0x18 c:/program files (x86)/atmel/atmel studio 6.0/extensions/atmel/avrgcc/3.4.0.65/avrtoolchain/bin/../lib/gcc/avr32/4.4.3/../../../../avr32/lib/ucr3\libc.a(lib_a-sbrkr.o)
 .debug_ranges  0x00000b58       0x20 c:/program files (x86)/atmel/atmel studio 6.0/extensions/atmel/avrgcc/3.4.0.65/avrtoolchain/bin/../lib/gcc/avr32/4.4.3/../../../../avr32/lib/ucr3\libc.a(lib_a-freer.o)
